../Core/Src/main.c:81:6:SystemClockOverride	80	static
../Core/Src/main.c:116:5:main	184	static
../Core/Src/main.c:229:6:SystemClock_Config	88	static
../Core/Src/main.c:276:13:MX_ADC1_Init	24	static
../Core/Src/main.c:328:13:MX_ADC2_Init	24	static
../Core/Src/main.c:380:13:MX_I2C3_Init	8	static
../Core/Src/main.c:428:13:MX_LTDC_Init	112	static
../Core/Src/main.c:510:13:MX_RNG_Init	8	static
../Core/Src/main.c:536:13:MX_SPI5_Init	8	static
../Core/Src/main.c:574:13:MX_TIM3_Init	64	static
../Core/Src/main.c:637:13:MX_GPIO_Init	64	static
../Core/Src/main.c:811:6:Error_Handler	4	static,ignoring_inline_asm
