Archive member included to satisfy reference by file (symbol)

C:/ST/STM32CubeIDE_1.16.0/STM32CubeIDE/plugins/com.st.stm32cube.ide.mcu.externaltools.gnu-tools-for-stm32.12.3.rel1.win32_1.0.200.202406191623/tools/bin/../lib/gcc/arm-none-eabi/12.3.1/../../../../arm-none-eabi/lib/thumb/v7e-m+fp/hard\libc_nano.a(libc_a-exit.o)
                              C:/ST/STM32CubeIDE_1.16.0/STM32CubeIDE/plugins/com.st.stm32cube.ide.mcu.externaltools.gnu-tools-for-stm32.12.3.rel1.win32_1.0.200.202406191623/tools/bin/../lib/gcc/arm-none-eabi/12.3.1/../../../../arm-none-eabi/lib/thumb/v7e-m+fp/hard/crt0.o (exit)
C:/ST/STM32CubeIDE_1.16.0/STM32CubeIDE/plugins/com.st.stm32cube.ide.mcu.externaltools.gnu-tools-for-stm32.12.3.rel1.win32_1.0.200.202406191623/tools/bin/../lib/gcc/arm-none-eabi/12.3.1/../../../../arm-none-eabi/lib/thumb/v7e-m+fp/hard\libc_nano.a(libc_a-findfp.o)
                              C:/ST/STM32CubeIDE_1.16.0/STM32CubeIDE/plugins/com.st.stm32cube.ide.mcu.externaltools.gnu-tools-for-stm32.12.3.rel1.win32_1.0.200.202406191623/tools/bin/../lib/gcc/arm-none-eabi/12.3.1/../../../../arm-none-eabi/lib/thumb/v7e-m+fp/hard\libc_nano.a(libc_a-exit.o) (__stdio_exit_handler)
C:/ST/STM32CubeIDE_1.16.0/STM32CubeIDE/plugins/com.st.stm32cube.ide.mcu.externaltools.gnu-tools-for-stm32.12.3.rel1.win32_1.0.200.202406191623/tools/bin/../lib/gcc/arm-none-eabi/12.3.1/../../../../arm-none-eabi/lib/thumb/v7e-m+fp/hard\libc_nano.a(libc_a-fwalk.o)
                              C:/ST/STM32CubeIDE_1.16.0/STM32CubeIDE/plugins/com.st.stm32cube.ide.mcu.externaltools.gnu-tools-for-stm32.12.3.rel1.win32_1.0.200.202406191623/tools/bin/../lib/gcc/arm-none-eabi/12.3.1/../../../../arm-none-eabi/lib/thumb/v7e-m+fp/hard\libc_nano.a(libc_a-findfp.o) (_fwalk_sglue)
C:/ST/STM32CubeIDE_1.16.0/STM32CubeIDE/plugins/com.st.stm32cube.ide.mcu.externaltools.gnu-tools-for-stm32.12.3.rel1.win32_1.0.200.202406191623/tools/bin/../lib/gcc/arm-none-eabi/12.3.1/../../../../arm-none-eabi/lib/thumb/v7e-m+fp/hard\libc_nano.a(libc_a-printf.o)
                              ./Core/Src/ApplicationCode.o (printf)
C:/ST/STM32CubeIDE_1.16.0/STM32CubeIDE/plugins/com.st.stm32cube.ide.mcu.externaltools.gnu-tools-for-stm32.12.3.rel1.win32_1.0.200.202406191623/tools/bin/../lib/gcc/arm-none-eabi/12.3.1/../../../../arm-none-eabi/lib/thumb/v7e-m+fp/hard\libc_nano.a(libc_a-puts.o)
                              ./Core/Src/ApplicationCode.o (puts)
C:/ST/STM32CubeIDE_1.16.0/STM32CubeIDE/plugins/com.st.stm32cube.ide.mcu.externaltools.gnu-tools-for-stm32.12.3.rel1.win32_1.0.200.202406191623/tools/bin/../lib/gcc/arm-none-eabi/12.3.1/../../../../arm-none-eabi/lib/thumb/v7e-m+fp/hard\libc_nano.a(libc_a-sprintf.o)
                              ./Core/Src/diagnosticsScreen.o (sprintf)
C:/ST/STM32CubeIDE_1.16.0/STM32CubeIDE/plugins/com.st.stm32cube.ide.mcu.externaltools.gnu-tools-for-stm32.12.3.rel1.win32_1.0.200.202406191623/tools/bin/../lib/gcc/arm-none-eabi/12.3.1/../../../../arm-none-eabi/lib/thumb/v7e-m+fp/hard\libc_nano.a(libc_a-stdio.o)
                              C:/ST/STM32CubeIDE_1.16.0/STM32CubeIDE/plugins/com.st.stm32cube.ide.mcu.externaltools.gnu-tools-for-stm32.12.3.rel1.win32_1.0.200.202406191623/tools/bin/../lib/gcc/arm-none-eabi/12.3.1/../../../../arm-none-eabi/lib/thumb/v7e-m+fp/hard\libc_nano.a(libc_a-findfp.o) (__sread)
C:/ST/STM32CubeIDE_1.16.0/STM32CubeIDE/plugins/com.st.stm32cube.ide.mcu.externaltools.gnu-tools-for-stm32.12.3.rel1.win32_1.0.200.202406191623/tools/bin/../lib/gcc/arm-none-eabi/12.3.1/../../../../arm-none-eabi/lib/thumb/v7e-m+fp/hard\libc_nano.a(libc_a-wbuf.o)
                              C:/ST/STM32CubeIDE_1.16.0/STM32CubeIDE/plugins/com.st.stm32cube.ide.mcu.externaltools.gnu-tools-for-stm32.12.3.rel1.win32_1.0.200.202406191623/tools/bin/../lib/gcc/arm-none-eabi/12.3.1/../../../../arm-none-eabi/lib/thumb/v7e-m+fp/hard\libc_nano.a(libc_a-puts.o) (__swbuf_r)
C:/ST/STM32CubeIDE_1.16.0/STM32CubeIDE/plugins/com.st.stm32cube.ide.mcu.externaltools.gnu-tools-for-stm32.12.3.rel1.win32_1.0.200.202406191623/tools/bin/../lib/gcc/arm-none-eabi/12.3.1/../../../../arm-none-eabi/lib/thumb/v7e-m+fp/hard\libc_nano.a(libc_a-wsetup.o)
                              C:/ST/STM32CubeIDE_1.16.0/STM32CubeIDE/plugins/com.st.stm32cube.ide.mcu.externaltools.gnu-tools-for-stm32.12.3.rel1.win32_1.0.200.202406191623/tools/bin/../lib/gcc/arm-none-eabi/12.3.1/../../../../arm-none-eabi/lib/thumb/v7e-m+fp/hard\libc_nano.a(libc_a-puts.o) (__swsetup_r)
C:/ST/STM32CubeIDE_1.16.0/STM32CubeIDE/plugins/com.st.stm32cube.ide.mcu.externaltools.gnu-tools-for-stm32.12.3.rel1.win32_1.0.200.202406191623/tools/bin/../lib/gcc/arm-none-eabi/12.3.1/../../../../arm-none-eabi/lib/thumb/v7e-m+fp/hard\libc_nano.a(libc_a-memset.o)
                              C:/ST/STM32CubeIDE_1.16.0/STM32CubeIDE/plugins/com.st.stm32cube.ide.mcu.externaltools.gnu-tools-for-stm32.12.3.rel1.win32_1.0.200.202406191623/tools/bin/../lib/gcc/arm-none-eabi/12.3.1/../../../../arm-none-eabi/lib/thumb/v7e-m+fp/hard/crt0.o (memset)
[...]
Memory Configuration

Name             Origin             Length             Attributes
CCMRAM           0x10000000         0x00010000         xrw
RAM              0x20000000         0x00030000         xrw
FLASH            0x08000000         0x00200000         xr
*default*        0x00000000         0xffffffff

Linker script and memory map

LOAD C:/ST/STM32CubeIDE_1.16.0/STM32CubeIDE/plugins/com.st.stm32cube.ide.mcu.externaltools.gnu-tools-for-stm32.12.3.rel1.win32_1.0.200.202406191623/tools/bin/../lib/gcc/arm-none-eabi/12.3.1/thumb/v7e-m+fp/hard/crti.o
LOAD C:/ST/STM32CubeIDE_1.16.0/STM32CubeIDE/plugins/com.st.stm32cube.ide.mcu.externaltools.gnu-tools-for-stm32.12.3.rel1.win32_1.0.200.202406191623/tools/bin/../lib/gcc/arm-none-eabi/12.3.1/thumb/v7e-m+fp/hard/crtbegin.o
LOAD C:/ST/STM32CubeIDE_1.16.0/STM32CubeIDE/plugins/com.st.stm32cube.ide.mcu.externaltools.gnu-tools-for-stm32.12.3.rel1.win32_1.0.200.202406191623/tools/bin/../lib/gcc/arm-none-eabi/12.3.1/../../../../arm-none-eabi/lib/thumb/v7e-m+fp/hard/crt0.o
LOAD ./Core/Src/ApplicationCode.o
LOAD ./Core/Src/LCD_Driver.o
LOAD ./Core/Src/buttonDriver.o
LOAD ./Core/Src/diagnosticsScreen.o
LOAD ./Core/Src/fonts.o
LOAD ./Core/Src/ili9341.o
LOAD ./Core/Src/joystickDriver.o
LOAD ./Core/Src/main.o
LOAD ./Core/Src/motorDriver.o
LOAD ./Core/Src/stm32f4xx_hal_msp.o
LOAD ./Core/Src/stm32f4xx_it.o
LOAD ./Core/Src/stmpe811.o
LOAD ./Core/Src/syscalls.o
LOAD ./Core/Src/sysmem.o
LOAD ./Core/Src/system_stm32f4xx.o
LOAD ./Core/Startup/startup_stm32f429zitx.o
LOAD ./Drivers/STM32F4xx_HAL_Driver/Src/stm32f4xx_hal.o
LOAD ./Drivers/STM32F4xx_HAL_Driver/Src/stm32f4xx_hal_adc.o
LOAD ./Drivers/STM32F4xx_HAL_Driver/Src/stm32f4xx_hal_adc_ex.o
LOAD ./Drivers/STM32F4xx_HAL_Driver/Src/stm32f4xx_hal_cortex.o
LOAD ./Drivers/STM32F4xx_HAL_Driver/Src/stm32f4xx_hal_dma.o
LOAD ./Drivers/STM32F4xx_HAL_Driver/Src/stm32f4xx_hal_dma_ex.o
LOAD ./Drivers/STM32F4xx_HAL_Driver/Src/stm32f4xx_hal_dsi.o
LOAD ./Drivers/STM32F4xx_HAL_Driver/Src/stm32f4xx_hal_exti.o
LOAD ./Drivers/STM32F4xx_HAL_Driver/Src/stm32f4xx_hal_flash.o
LOAD ./Drivers/STM32F4xx_HAL_Driver/Src/stm32f4xx_hal_flash_ex.o
LOAD ./Drivers/STM32F4xx_HAL_Driver/Src/stm32f4xx_hal_flash_ramfunc.o
LOAD ./Drivers/STM32F4xx_HAL_Driver/Src/stm32f4xx_hal_gpio.o
LOAD ./Drivers/STM32F4xx_HAL_Driver/Src/stm32f4xx_hal_i2c.o
LOAD ./Drivers/STM32F4xx_HAL_Driver/Src/stm32f4xx_hal_i2c_ex.o
LOAD ./Drivers/STM32F4xx_HAL_Driver/Src/stm32f4xx_hal_ltdc.o
LOAD ./Drivers/STM32F4xx_HAL_Driver/Src/stm32f4xx_hal_ltdc_ex.o
LOAD ./Drivers/STM32F4xx_HAL_Driver/Src/stm32f4xx_hal_pwr.o
LOAD ./Drivers/STM32F4xx_HAL_Driver/Src/stm32f4xx_hal_pwr_ex.o
LOAD ./Drivers/STM32F4xx_HAL_Driver/Src/stm32f4xx_hal_rcc.o
LOAD ./Drivers/STM32F4xx_HAL_Driver/Src/stm32f4xx_hal_rcc_ex.o
LOAD ./Drivers/STM32F4xx_HAL_Driver/Src/stm32f4xx_hal_rng.o
LOAD ./Drivers/STM32F4xx_HAL_Driver/Src/stm32f4xx_hal_spi.o
LOAD ./Drivers/STM32F4xx_HAL_Driver/Src/stm32f4xx_hal_tim.o
LOAD ./Drivers/STM32F4xx_HAL_Driver/Src/stm32f4xx_hal_tim_ex.o
LOAD ./Drivers/STM32F4xx_HAL_Driver/Src/stm32f4xx_ll_adc.o
START GROUP
LOAD C:/ST/STM32CubeIDE_1.16.0/STM32CubeIDE/plugins/com.st.stm32cube.ide.mcu.externaltools.gnu-tools-for-stm32.12.3.rel1.win32_1.0.200.202406191623/tools/bin/../lib/gcc/arm-none-eabi/12.3.1/../../../../arm-none-eabi/lib/thumb/v7e-m+fp/hard\libc_nano.a
LOAD C:/ST/STM32CubeIDE_1.16.0/STM32CubeIDE/plugins/com.st.stm32cube.ide.mcu.externaltools.gnu-tools-for-stm32.12.3.rel1.win32_1.0.200.202406191623/tools/bin/../lib/gcc/arm-none-eabi/12.3.1/../../../../arm-none-eabi/lib/thumb/v7e-m+fp/hard\libm.a
END GROUP
START GROUP
LOAD C:/ST/STM32CubeIDE_1.16.0/STM32CubeIDE/plugins/com.st.stm32cube.ide.mcu.externaltools.gnu-tools-for-stm32.12.3.rel1.win32_1.0.200.202406191623/tools/bin/../lib/gcc/arm-none-eabi/12.3.1/thumb/v7e-m+fp/hard\libgcc.a
LOAD C:/ST/STM32CubeIDE_1.16.0/STM32CubeIDE/plugins/com.st.stm32cube.ide.mcu.externaltools.gnu-tools-for-stm32.12.3.rel1.win32_1.0.200.202406191623/tools/bin/../lib/gcc/arm-none-eabi/12.3.1/../../../../arm-none-eabi/lib/thumb/v7e-m+fp/hard\libc_nano.a
END GROUP
START GROUP
LOAD C:/ST/STM32CubeIDE_1.16.0/STM32CubeIDE/plugins/com.st.stm32cube.ide.mcu.externaltools.gnu-tools-for-stm32.12.3.rel1.win32_1.0.200.202406191623/tools/bin/../lib/gcc/arm-none-eabi/12.3.1/thumb/v7e-m+fp/hard\libgcc.a
LOAD C:/ST/STM32CubeIDE_1.16.0/STM32CubeIDE/plugins/com.st.stm32cube.ide.mcu.externaltools.gnu-tools-for-stm32.12.3.rel1.win32_1.0.200.202406191623/tools/bin/../lib/gcc/arm-none-eabi/12.3.1/../../../../arm-none-eabi/lib/thumb/v7e-m+fp/hard\libc_nano.a
LOAD C:/ST/STM32CubeIDE_1.16.0/STM32CubeIDE/plugins/com.st.stm32cube.ide.mcu.externaltools.gnu-tools-for-stm32.12.3.rel1.win32_1.0.200.202406191623/tools/bin/../lib/gcc/arm-none-eabi/12.3.1/../../../../arm-none-eabi/lib/thumb/v7e-m+fp/hard\libnosys.a
END GROUP
START GROUP
LOAD C:/ST/STM32CubeIDE_1.16.0/STM32CubeIDE/plugins/com.st.stm32cube.ide.mcu.externaltools.gnu-tools-for-stm32.12.3.rel1.win32_1.0.200.202406191623/tools/bin/../lib/gcc/arm-none-eabi/12.3.1/thumb/v7e-m+fp/hard\libgcc.a
LOAD C:/ST/STM32CubeIDE_1.16.0/STM32CubeIDE/plugins/com.st.stm32cube.ide.mcu.externaltools.gnu-tools-for-stm32.12.3.rel1.win32_1.0.200.202406191623/tools/bin/../lib/gcc/arm-none-eabi/12.3.1/../../../../arm-none-eabi/lib/thumb/v7e-m+fp/hard\libc_nano.a
LOAD C:/ST/STM32CubeIDE_1.16.0/STM32CubeIDE/plugins/com.st.stm32cube.ide.mcu.externaltools.gnu-tools-for-stm32.12.3.rel1.win32_1.0.200.202406191623/tools/bin/../lib/gcc/arm-none-eabi/12.3.1/../../../../arm-none-eabi/lib/thumb/v7e-m+fp/hard\libnosys.a
END GROUP
LOAD C:/ST/STM32CubeIDE_1.16.0/STM32CubeIDE/plugins/com.st.stm32cube.ide.mcu.externaltools.gnu-tools-for-stm32.12.3.rel1.win32_1.0.200.202406191623/tools/bin/../lib/gcc/arm-none-eabi/12.3.1/thumb/v7e-m+fp/hard/crtend.o
LOAD C:/ST/STM32CubeIDE_1.16.0/STM32CubeIDE/plugins/com.st.stm32cube.ide.mcu.externaltools.gnu-tools-for-stm32.12.3.rel1.win32_1.0.200.202406191623/tools/bin/../lib/gcc/arm-none-eabi/12.3.1/thumb/v7e-m+fp/hard/crtn.o
                0x20030000                        _estack = (ORIGIN (RAM) + LENGTH (RAM))
                0x00000200                        _Min_Heap_Size = 0x200
                0x00000400                        _Min_Stack_Size = 0x400

.isr_vector     0x08000000      0x1ac
                0x08000000                        . = ALIGN (0x4)
 *(.isr_vector)
 .isr_vector    0x08000000      0x1ac ./Core/Startup/startup_stm32f429zitx.o
                0x08000000                g_pfnVectors
                0x080001ac                        . = ALIGN (0x4)

.text           0x080001b0     0x7ee8
                0x080001b0                        . = ALIGN (0x4)
 *(.text)
 .text          0x080001b0       0x40 C:/ST/STM32CubeIDE_1.16.0/STM32CubeIDE/plugins/com.st.stm32cube.ide.mcu.externaltools.gnu-tools-for-stm32.12.3.rel1.win32_1.0.200.202406191623/tools/bin/../lib/gcc/arm-none-eabi/12.3.1/thumb/v7e-m+fp/hard/crtbegin.o
 .text          0x080001f0       0xa0 C:/ST/STM32CubeIDE_1.16.0/STM32CubeIDE/plugins/com.st.stm32cube.ide.mcu.externaltools.gnu-tools-for-stm32.12.3.rel1.win32_1.0.200.202406191623/tools/bin/../lib/gcc/arm-none-eabi/12.3.1/../../../../arm-none-eabi/lib/thumb/v7e-m+fp/hard\libc_nano.a(libc_a-memchr.o)
                0x080001f0                memchr
 .text          0x08000290       0x30 C:/ST/STM32CubeIDE_1.16.0/STM32CubeIDE/plugins/com.st.stm32cube.ide.mcu.externaltools.gnu-tools-for-stm32.12.3.rel1.win32_1.0.200.202406191623/tools/bin/../lib/gcc/arm-none-eabi/12.3.1/thumb/v7e-m+fp/hard\libgcc.a(_aeabi_uldivmod.o)
                0x08000290                __aeabi_uldivmod
 .text          0x080002c0      0x2bc C:/ST/STM32CubeIDE_1.16.0/STM32CubeIDE/plugins/com.st.stm32cube.ide.mcu.externaltools.gnu-tools-for-stm32.12.3.rel1.win32_1.0.200.202406191623/tools/bin/../lib/gcc/arm-none-eabi/12.3.1/thumb/v7e-m+fp/hard\libgcc.a(_udivmoddi4.o)
                0x080002c0                __udivmoddi4
 .text          0x0800057c        0x4 C:/ST/STM32CubeIDE_1.16.0/STM32CubeIDE/plugins/com.st.stm32cube.ide.mcu.externaltools.gnu-tools-for-stm32.12.3.rel1.win32_1.0.200.202406191623/tools/bin/../lib/gcc/arm-none-eabi/12.3.1/thumb/v7e-m+fp/hard\libgcc.a(_dvmd_tls.o)
                0x0800057c                __aeabi_idiv0
                0x0800057c                __aeabi_ldiv0
 *(.text*)
 .text.getScreenNum
                0x08000580       0x18 ./Core/Src/ApplicationCode.o
                0x08000580                getScreenNum
 .text.ApplicationInit
                0x08000598       0x34 ./Core/Src/ApplicationCode.o
                0x08000598                ApplicationInit
 .text.LCDTouchScreenInterruptGPIOInit
                0x080005cc       0x74 ./Core/Src/ApplicationCode.o
                0x080005cc                LCDTouchScreenInterruptGPIOInit
 .text.EXTI15_10_IRQHandler
                0x08000640       0xe4 ./Core/Src/ApplicationCode.o
                0x08000640                EXTI15_10_IRQHandler
 .text.LCD_GPIO_Init
                0x08000724      0x190 ./Core/Src/LCD_Driver.o
                0x08000724                LCD_GPIO_Init
 .text.LTCD_Layer_Init
                0x080008b4       0x80 ./Core/Src/LCD_Driver.o
                0x080008b4                LTCD_Layer_Init
 .text.LTCD__Init
                0x08000934       0xbc ./Core/Src/LCD_Driver.o
                0x08000934                LTCD__Init
 .text.LCD_Draw_Pixel
                0x080009f0       0x3c ./Core/Src/LCD_Driver.o
                0x080009f0                LCD_Draw_Pixel
 .text.LCD_Draw_Circle_Fill
                0x08000a2c       0xa6 ./Core/Src/LCD_Driver.o
                0x08000a2c                LCD_Draw_Circle_Fill
 .text.LCD_Draw_Circle_NoFill
                0x08000ad2       0xca ./Core/Src/LCD_Driver.o
                0x08000ad2                LCD_Draw_Circle_NoFill
 .text.LCD_Draw_Horizontal_Line
                0x08000b9c       0x4e ./Core/Src/LCD_Driver.o
                0x08000b9c                LCD_Draw_Horizontal_Line
 *fill*         0x08000bea        0x2 
 .text.LCD_Clear
                0x08000bec       0x44 ./Core/Src/LCD_Driver.o
                0x08000bec                LCD_Clear
 .text.LCD_SetTextColor
                0x08000c30       0x20 ./Core/Src/LCD_Driver.o
                0x08000c30                LCD_SetTextColor
 .text.LCD_SetFont
                0x08000c50       0x20 ./Core/Src/LCD_Driver.o
                0x08000c50                LCD_SetFont
 .text.LCD_Draw_Char
                0x08000c70       0xdc ./Core/Src/LCD_Driver.o
                0x08000c70                LCD_Draw_Char
 .text.LCD_DisplayChar
                0x08000d4c       0x44 ./Core/Src/LCD_Driver.o
                0x08000d4c                LCD_DisplayChar
 .text.LCD_Error_Handler
                0x08000d90        0xc ./Core/Src/LCD_Driver.o
                0x08000d90                LCD_Error_Handler
 .text.InitializeLCDTouch
                0x08000d9c       0x16 ./Core/Src/LCD_Driver.o
                0x08000d9c                InitializeLCDTouch
 .text.ReadRegisterFromTouchModule
                0x08000db2       0x1c ./Core/Src/LCD_Driver.o
                0x08000db2                ReadRegisterFromTouchModule
 .text.WriteDataToTouchModule
                0x08000dce       0x24 ./Core/Src/LCD_Driver.o
                0x08000dce                WriteDataToTouchModule
 .text.displayMovementBase
                0x08000df2       0x32 ./Core/Src/diagnosticsScreen.o
                0x08000df2                displayMovementBase
 .text.displayCurrentMove
                0x08000e24       0x5a ./Core/Src/diagnosticsScreen.o
                0x08000e24                displayCurrentMove
 *fill*         0x08000e7e        0x2 
 .text.displayMoveLog
                0x08000e80      0x104 ./Core/Src/diagnosticsScreen.o
                0x08000e80                displayMoveLog
 .text.displayRunTime
                0x08000f84      0x104 ./Core/Src/diagnosticsScreen.o
                0x08000f84                displayRunTime
 .text.ili9341_Init
                0x08001088      0x294 ./Core/Src/ili9341.o
                0x08001088                ili9341_Init
 .text.ili9341_Write_Reg
                0x0800131c       0x1a ./Core/Src/ili9341.o
                0x0800131c                ili9341_Write_Reg
 .text.ili9341_Send_Data
                0x08001336       0x1a ./Core/Src/ili9341.o
                0x08001336                ili9341_Send_Data
 .text.SPI_Init
                0x08001350       0x74 ./Core/Src/ili9341.o
 .text.SPI_Write
                0x080013c4       0x3c ./Core/Src/ili9341.o
 .text.SPI_Error
                0x08001400       0x18 ./Core/Src/ili9341.o
 .text.SPI_MspInit
                0x08001418       0x74 ./Core/Src/ili9341.o
 .text.LCD_IO_Init
                0x0800148c       0xf0 ./Core/Src/ili9341.o
                0x0800148c                LCD_IO_Init
 .text.LCD_IO_WriteData
                0x0800157c       0x44 ./Core/Src/ili9341.o
                0x0800157c                LCD_IO_WriteData
 .text.LCD_IO_WriteReg
                0x080015c0       0x44 ./Core/Src/ili9341.o
                0x080015c0                LCD_IO_WriteReg
 .text.LCD_Delay
                0x08001604       0x16 ./Core/Src/ili9341.o
                0x08001604                LCD_Delay
 .text.joystick_getCoords
                0x0800161a       0x84 ./Core/Src/joystickDriver.o
                0x0800161a                joystick_getCoords
 *fill*         0x0800169e        0x2 
 .text.SystemClockOverride
                0x080016a0       0x80 ./Core/Src/main.o
                0x080016a0                SystemClockOverride
 .text.main     0x08001720      0x12c ./Core/Src/main.o
                0x08001720                main
 .text.MX_ADC1_Init
                0x0800184c       0xa4 ./Core/Src/main.o
 .text.MX_ADC2_Init
                0x080018f0       0xa4 ./Core/Src/main.o
 .text.MX_I2C3_Init
                0x08001994       0x80 ./Core/Src/main.o
 .text.MX_LTDC_Init
                0x08001a14      0x164 ./Core/Src/main.o
 .text.MX_RNG_Init
                0x08001b78       0x28 ./Core/Src/main.o
 .text.MX_SPI5_Init
                0x08001ba0       0x6c ./Core/Src/main.o
 .text.MX_TIM3_Init
                0x08001c0c      0x100 ./Core/Src/main.o
 .text.MX_GPIO_Init
                0x08001d0c      0x35c ./Core/Src/main.o
 .text.Error_Handler
                0x08002068        0xc ./Core/Src/main.o
                0x08002068                Error_Handler
 .text.mapp     0x08002074       0x38 ./Core/Src/motorDriver.o
                0x08002074                mapp
 .text.motor_CalculatePower
                0x080020ac       0xd4 ./Core/Src/motorDriver.o
                0x080020ac                motor_CalculatePower
 .text.motor_ApplyPower
                0x08002180       0x2c ./Core/Src/motorDriver.o
                0x08002180                motor_ApplyPower
 .text.populateMoves
                0x080021ac       0xee ./Core/Src/motorDriver.o
                0x080021ac                populateMoves
 *fill*         0x0800229a        0x2 
 .text.HAL_MspInit
                0x0800229c       0x50 ./Core/Src/stm32f4xx_hal_msp.o
                0x0800229c                HAL_MspInit
 .text.HAL_ADC_MspInit
                0x080022ec       0xec ./Core/Src/stm32f4xx_hal_msp.o
                0x080022ec                HAL_ADC_MspInit
 .text.HAL_I2C_MspInit
                0x080023d8       0xd4 ./Core/Src/stm32f4xx_hal_msp.o
                0x080023d8                HAL_I2C_MspInit
 .text.HAL_LTDC_MspInit
                0x080024ac      0x250 ./Core/Src/stm32f4xx_hal_msp.o
                0x080024ac                HAL_LTDC_MspInit
 .text.HAL_RNG_MspInit
                0x080026fc       0x44 ./Core/Src/stm32f4xx_hal_msp.o
                0x080026fc                HAL_RNG_MspInit
 .text.HAL_SPI_MspInit
                0x08002740       0x90 ./Core/Src/stm32f4xx_hal_msp.o
                0x08002740                HAL_SPI_MspInit
 .text.HAL_SPI_MspDeInit
                0x080027d0       0x3c ./Core/Src/stm32f4xx_hal_msp.o
                0x080027d0                HAL_SPI_MspDeInit
 .text.HAL_TIM_Base_MspInit
                0x0800280c       0x44 ./Core/Src/stm32f4xx_hal_msp.o
                0x0800280c                HAL_TIM_Base_MspInit
 .text.HAL_TIM_MspPostInit
                0x08002850       0xb4 ./Core/Src/stm32f4xx_hal_msp.o
                0x08002850                HAL_TIM_MspPostInit
 .text.NMI_Handler
                0x08002904        0x8 ./Core/Src/stm32f4xx_it.o
                0x08002904                NMI_Handler
 .text.HardFault_Handler
                0x0800290c        0x8 ./Core/Src/stm32f4xx_it.o
                0x0800290c                HardFault_Handler
 .text.MemManage_Handler
                0x08002914        0x8 ./Core/Src/stm32f4xx_it.o
                0x08002914                MemManage_Handler
 .text.BusFault_Handler
                0x0800291c        0x8 ./Core/Src/stm32f4xx_it.o
                0x0800291c                BusFault_Handler
 .text.UsageFault_Handler
                0x08002924        0x8 ./Core/Src/stm32f4xx_it.o
                0x08002924                UsageFault_Handler
 .text.SVC_Handler
                0x0800292c        0xe ./Core/Src/stm32f4xx_it.o
                0x0800292c                SVC_Handler
 .text.DebugMon_Handler
                0x0800293a        0xe ./Core/Src/stm32f4xx_it.o
                0x0800293a                DebugMon_Handler
 .text.PendSV_Handler
                0x08002948        0xe ./Core/Src/stm32f4xx_it.o
                0x08002948                PendSV_Handler
 .text.SysTick_Handler
                0x08002956        0xc ./Core/Src/stm32f4xx_it.o
                0x08002956                SysTick_Handler
 *fill*         0x08002962        0x2 
 .text.__NVIC_EnableIRQ
                0x08002964       0x3c ./Core/Src/stmpe811.o
 .text.STMPE811_Init
                0x080029a0      0x18e ./Core/Src/stmpe811.o
                0x080029a0                STMPE811_Init
 .text.STMPE811_Read
                0x08002b2e       0x22 ./Core/Src/stmpe811.o
                0x08002b2e                STMPE811_Read
 .text.STMPE811_Write
                0x08002b50       0x24 ./Core/Src/stmpe811.o
                0x08002b50                STMPE811_Write
 .text.enableInterruptSupportForTouch
                0x08002b74       0x64 ./Core/Src/stmpe811.o
                0x08002b74                enableInterruptSupportForTouch
 .text.verifyHAL_I2C_IS_OKAY
                0x08002bd8       0x20 ./Core/Src/stmpe811.o
                0x08002bd8                verifyHAL_I2C_IS_OKAY
 .text.I2C3_Init
                0x08002bf8       0x7c ./Core/Src/stmpe811.o
 .text.I2C3_MspInit
                0x08002c74       0xa8 ./Core/Src/stmpe811.o
 .text.I2C3_Write
                0x08002d1c       0x54 ./Core/Src/stmpe811.o
                0x08002d1c                I2C3_Write
 .text.I2C3_Read
                0x08002d70       0x4c ./Core/Src/stmpe811.o
                0x08002d70                I2C3_Read
 .text.I2C3_MulitByteRead
                0x08002dbc       0x44 ./Core/Src/stmpe811.o
                0x08002dbc                I2C3_MulitByteRead
 .text.initialise_monitor_handles
                0x08002e00        0xe ./Core/Src/syscalls.o
                0x08002e00                initialise_monitor_handles
 *fill*         0x08002e0e        0x2 
 .text._sbrk    0x08002e10       0x6c ./Core/Src/sysmem.o
                0x08002e10                _sbrk
 .text.SystemInit
                0x08002e7c       0x24 ./Core/Src/system_stm32f4xx.o
                0x08002e7c                SystemInit
 .text.Reset_Handler
                0x08002ea0       0x50 ./Core/Startup/startup_stm32f429zitx.o
                0x08002ea0                Reset_Handler
 .text.Default_Handler
                0x08002ef0        0x2 ./Core/Startup/startup_stm32f429zitx.o
                0x08002ef0                RTC_Alarm_IRQHandler
                0x08002ef0                HASH_RNG_IRQHandler
                0x08002ef0                EXTI2_IRQHandler
                0x08002ef0                TIM8_CC_IRQHandler
                0x08002ef0                UART8_IRQHandler
                0x08002ef0                SPI4_IRQHandler
                0x08002ef0                TIM1_CC_IRQHandler
                0x08002ef0                DMA2_Stream5_IRQHandler
                0x08002ef0                DMA1_Stream5_IRQHandler
                0x08002ef0                PVD_IRQHandler
                0x08002ef0                SDIO_IRQHandler
                0x08002ef0                TAMP_STAMP_IRQHandler
                0x08002ef0                CAN2_RX1_IRQHandler
                0x08002ef0                EXTI3_IRQHandler
                0x08002ef0                TIM8_TRG_COM_TIM14_IRQHandler
                0x08002ef0                TIM1_UP_TIM10_IRQHandler
                0x08002ef0                TIM8_UP_TIM13_IRQHandler
                0x08002ef0                I2C3_ER_IRQHandler
                0x08002ef0                EXTI0_IRQHandler
                0x08002ef0                I2C2_EV_IRQHandler
                0x08002ef0                DMA1_Stream2_IRQHandler
                0x08002ef0                CAN1_RX0_IRQHandler
                0x08002ef0                FPU_IRQHandler
                0x08002ef0                OTG_HS_WKUP_IRQHandler
                0x08002ef0                LTDC_ER_IRQHandler
                0x08002ef0                CAN2_SCE_IRQHandler
                0x08002ef0                DMA2_Stream2_IRQHandler
                0x08002ef0                SPI1_IRQHandler
                0x08002ef0                TIM6_DAC_IRQHandler
                0x08002ef0                TIM1_BRK_TIM9_IRQHandler
                0x08002ef0                DCMI_IRQHandler
                0x08002ef0                CAN2_RX0_IRQHandler
                0x08002ef0                DMA2_Stream3_IRQHandler
                0x08002ef0                USART6_IRQHandler
                0x08002ef0                USART3_IRQHandler
                0x08002ef0                CAN1_RX1_IRQHandler
                0x08002ef0                UART5_IRQHandler
                0x08002ef0                DMA2_Stream0_IRQHandler
                0x08002ef0                TIM4_IRQHandler
                0x08002ef0                I2C1_EV_IRQHandler
                0x08002ef0                DMA1_Stream6_IRQHandler
                0x08002ef0                DMA1_Stream1_IRQHandler
                0x08002ef0                UART4_IRQHandler
                0x08002ef0                TIM3_IRQHandler
                0x08002ef0                RCC_IRQHandler
                0x08002ef0                TIM8_BRK_TIM12_IRQHandler
                0x08002ef0                Default_Handler
                0x08002ef0                ADC_IRQHandler
                0x08002ef0                DMA1_Stream7_IRQHandler
                0x08002ef0                SPI5_IRQHandler
                0x08002ef0                TIM7_IRQHandler
                0x08002ef0                CAN2_TX_IRQHandler
                0x08002ef0                TIM5_IRQHandler
                0x08002ef0                DMA2_Stream7_IRQHandler
                0x08002ef0                I2C3_EV_IRQHandler
                0x08002ef0                EXTI9_5_IRQHandler
                0x08002ef0                RTC_WKUP_IRQHandler
                0x08002ef0                LTDC_IRQHandler
                0x08002ef0                ETH_WKUP_IRQHandler
                0x08002ef0                SPI2_IRQHandler
                0x08002ef0                OTG_HS_EP1_IN_IRQHandler
                0x08002ef0                DMA1_Stream0_IRQHandler
                0x08002ef0                CAN1_TX_IRQHandler
                0x08002ef0                EXTI4_IRQHandler
                0x08002ef0                ETH_IRQHandler
                0x08002ef0                OTG_HS_EP1_OUT_IRQHandler
                0x08002ef0                WWDG_IRQHandler
                0x08002ef0                SPI6_IRQHandler
                0x08002ef0                TIM2_IRQHandler
                0x08002ef0                OTG_FS_WKUP_IRQHandler
                0x08002ef0                TIM1_TRG_COM_TIM11_IRQHandler
                0x08002ef0                OTG_HS_IRQHandler
                0x08002ef0                DMA2D_IRQHandler
                0x08002ef0                EXTI1_IRQHandler
                0x08002ef0                UART7_IRQHandler
                0x08002ef0                USART2_IRQHandler
                0x08002ef0                I2C2_ER_IRQHandler
                0x08002ef0                DMA2_Stream1_IRQHandler
                0x08002ef0                CAN1_SCE_IRQHandler
                0x08002ef0                FLASH_IRQHandler
                0x08002ef0                DMA2_Stream4_IRQHandler
                0x08002ef0                USART1_IRQHandler
                0x08002ef0                OTG_FS_IRQHandler
                0x08002ef0                SPI3_IRQHandler
                0x08002ef0                DMA1_Stream4_IRQHandler
                0x08002ef0                I2C1_ER_IRQHandler
                0x08002ef0                FMC_IRQHandler
                0x08002ef0                DMA2_Stream6_IRQHandler
                0x08002ef0                SAI1_IRQHandler
                0x08002ef0                DMA1_Stream3_IRQHandler
 *fill*         0x08002ef2        0x2 
 .text.HAL_Init
                0x08002ef4       0x44 ./Drivers/STM32F4xx_HAL_Driver/Src/stm32f4xx_hal.o
                0x08002ef4                HAL_Init
 .text.HAL_InitTick
                0x08002f38       0x60 ./Drivers/STM32F4xx_HAL_Driver/Src/stm32f4xx_hal.o
                0x08002f38                HAL_InitTick
 .text.HAL_IncTick
                0x08002f98       0x28 ./Drivers/STM32F4xx_HAL_Driver/Src/stm32f4xx_hal.o
                0x08002f98                HAL_IncTick
 .text.HAL_GetTick
                0x08002fc0       0x18 ./Drivers/STM32F4xx_HAL_Driver/Src/stm32f4xx_hal.o
                0x08002fc0                HAL_GetTick
 .text.HAL_Delay
                0x08002fd8       0x48 ./Drivers/STM32F4xx_HAL_Driver/Src/stm32f4xx_hal.o
                0x08002fd8                HAL_Delay
 .text.HAL_ADC_Init
                0x08003020       0x86 ./Drivers/STM32F4xx_HAL_Driver/Src/stm32f4xx_hal_adc.o
                0x08003020                HAL_ADC_Init
 *fill*         0x080030a6        0x2 
 .text.HAL_ADC_Start
                0x080030a8      0x1a4 ./Drivers/STM32F4xx_HAL_Driver/Src/stm32f4xx_hal_adc.o
                0x080030a8                HAL_ADC_Start
 .text.HAL_ADC_Stop
                0x0800324c       0x66 ./Drivers/STM32F4xx_HAL_Driver/Src/stm32f4xx_hal_adc.o
                0x0800324c                HAL_ADC_Stop
 .text.HAL_ADC_PollForConversion
                0x080032b2      0x116 ./Drivers/STM32F4xx_HAL_Driver/Src/stm32f4xx_hal_adc.o
                0x080032b2                HAL_ADC_PollForConversion
 .text.HAL_ADC_GetValue
                0x080033c8       0x1a ./Drivers/STM32F4xx_HAL_Driver/Src/stm32f4xx_hal_adc.o
                0x080033c8                HAL_ADC_GetValue
 *fill*         0x080033e2        0x2 
 .text.HAL_ADC_ConfigChannel
                0x080033e4      0x264 ./Drivers/STM32F4xx_HAL_Driver/Src/stm32f4xx_hal_adc.o
                0x080033e4                HAL_ADC_ConfigChannel
 .text.ADC_Init
                0x08003648      0x1f8 ./Drivers/STM32F4xx_HAL_Driver/Src/stm32f4xx_hal_adc.o
 .text.__NVIC_SetPriorityGrouping
                0x08003840       0x48 ./Drivers/STM32F4xx_HAL_Driver/Src/stm32f4xx_hal_cortex.o
 .text.__NVIC_GetPriorityGrouping
                0x08003888       0x1c ./Drivers/STM32F4xx_HAL_Driver/Src/stm32f4xx_hal_cortex.o
 .text.__NVIC_EnableIRQ
                0x080038a4       0x3c ./Drivers/STM32F4xx_HAL_Driver/Src/stm32f4xx_hal_cortex.o
 .text.__NVIC_DisableIRQ
                0x080038e0       0x48 ./Drivers/STM32F4xx_HAL_Driver/Src/stm32f4xx_hal_cortex.o
 .text.__NVIC_ClearPendingIRQ
                0x08003928       0x3c ./Drivers/STM32F4xx_HAL_Driver/Src/stm32f4xx_hal_cortex.o
 .text.__NVIC_SetPriority
                0x08003964       0x54 ./Drivers/STM32F4xx_HAL_Driver/Src/stm32f4xx_hal_cortex.o
 .text.NVIC_EncodePriority
                0x080039b8       0x66 ./Drivers/STM32F4xx_HAL_Driver/Src/stm32f4xx_hal_cortex.o
 *fill*         0x08003a1e        0x2 
 .text.SysTick_Config
                0x08003a20       0x44 ./Drivers/STM32F4xx_HAL_Driver/Src/stm32f4xx_hal_cortex.o
 .text.HAL_NVIC_SetPriorityGrouping
                0x08003a64       0x16 ./Drivers/STM32F4xx_HAL_Driver/Src/stm32f4xx_hal_cortex.o
                0x08003a64                HAL_NVIC_SetPriorityGrouping
 .text.HAL_NVIC_SetPriority
                0x08003a7a       0x38 ./Drivers/STM32F4xx_HAL_Driver/Src/stm32f4xx_hal_cortex.o
                0x08003a7a                HAL_NVIC_SetPriority
 .text.HAL_NVIC_EnableIRQ
                0x08003ab2       0x1c ./Drivers/STM32F4xx_HAL_Driver/Src/stm32f4xx_hal_cortex.o
                0x08003ab2                HAL_NVIC_EnableIRQ
 .text.HAL_NVIC_DisableIRQ
                0x08003ace       0x1c ./Drivers/STM32F4xx_HAL_Driver/Src/stm32f4xx_hal_cortex.o
                0x08003ace                HAL_NVIC_DisableIRQ
 .text.HAL_SYSTICK_Config
                0x08003aea       0x18 ./Drivers/STM32F4xx_HAL_Driver/Src/stm32f4xx_hal_cortex.o
                0x08003aea                HAL_SYSTICK_Config
 .text.HAL_NVIC_ClearPendingIRQ
                0x08003b02       0x1c ./Drivers/STM32F4xx_HAL_Driver/Src/stm32f4xx_hal_cortex.o
                0x08003b02                HAL_NVIC_ClearPendingIRQ
 *fill*         0x08003b1e        0x2 
 .text.HAL_EXTI_ClearPending
                0x08003b20       0x30 ./Drivers/STM32F4xx_HAL_Driver/Src/stm32f4xx_hal_exti.o
                0x08003b20                HAL_EXTI_ClearPending
 .text.HAL_GPIO_Init
                0x08003b50      0x358 ./Drivers/STM32F4xx_HAL_Driver/Src/stm32f4xx_hal_gpio.o
                0x08003b50                HAL_GPIO_Init
 .text.HAL_GPIO_DeInit
                0x08003ea8      0x218 ./Drivers/STM32F4xx_HAL_Driver/Src/stm32f4xx_hal_gpio.o
                0x08003ea8                HAL_GPIO_DeInit
 .text.HAL_GPIO_WritePin
                0x080040c0       0x32 ./Drivers/STM32F4xx_HAL_Driver/Src/stm32f4xx_hal_gpio.o
                0x080040c0                HAL_GPIO_WritePin
 *fill*         0x080040f2        0x2 
 .text.HAL_I2C_Init
                0x080040f4      0x288 ./Drivers/STM32F4xx_HAL_Driver/Src/stm32f4xx_hal_i2c.o
                0x080040f4                HAL_I2C_Init
 .text.HAL_I2C_Mem_Write
                0x0800437c      0x1f4 ./Drivers/STM32F4xx_HAL_Driver/Src/stm32f4xx_hal_i2c.o
                0x0800437c                HAL_I2C_Mem_Write
 .text.HAL_I2C_Mem_Read
                0x08004570      0x464 ./Drivers/STM32F4xx_HAL_Driver/Src/stm32f4xx_hal_i2c.o
                0x08004570                HAL_I2C_Mem_Read
 .text.I2C_RequestMemoryWrite
                0x080049d4      0x12c ./Drivers/STM32F4xx_HAL_Driver/Src/stm32f4xx_hal_i2c.o
 .text.I2C_RequestMemoryRead
                0x08004b00      0x1d0 ./Drivers/STM32F4xx_HAL_Driver/Src/stm32f4xx_hal_i2c.o
 .text.I2C_WaitOnFlagUntilTimeout
                0x08004cd0       0xf4 ./Drivers/STM32F4xx_HAL_Driver/Src/stm32f4xx_hal_i2c.o
 .text.I2C_WaitOnMasterAddressFlagUntilTimeout
                0x08004dc4      0x140 ./Drivers/STM32F4xx_HAL_Driver/Src/stm32f4xx_hal_i2c.o
 .text.I2C_WaitOnTXEFlagUntilTimeout
                0x08004f04       0x90 ./Drivers/STM32F4xx_HAL_Driver/Src/stm32f4xx_hal_i2c.o
 .text.I2C_WaitOnBTFFlagUntilTimeout
                0x08004f94       0x90 ./Drivers/STM32F4xx_HAL_Driver/Src/stm32f4xx_hal_i2c.o
 .text.I2C_WaitOnRXNEFlagUntilTimeout
                0x08005024       0xba ./Drivers/STM32F4xx_HAL_Driver/Src/stm32f4xx_hal_i2c.o
 .text.I2C_IsAcknowledgeFailed
                0x080050de       0x5e ./Drivers/STM32F4xx_HAL_Driver/Src/stm32f4xx_hal_i2c.o
 .text.HAL_I2CEx_ConfigAnalogFilter
                0x0800513c       0x78 ./Drivers/STM32F4xx_HAL_Driver/Src/stm32f4xx_hal_i2c_ex.o
                0x0800513c                HAL_I2CEx_ConfigAnalogFilter
 .text.HAL_I2CEx_ConfigDigitalFilter
                0x080051b4       0x7e ./Drivers/STM32F4xx_HAL_Driver/Src/stm32f4xx_hal_i2c_ex.o
                0x080051b4                HAL_I2CEx_ConfigDigitalFilter
 *fill*         0x08005232        0x2 
 .text.HAL_LTDC_Init
                0x08005234      0x1a0 ./Drivers/STM32F4xx_HAL_Driver/Src/stm32f4xx_hal_ltdc.o
                0x08005234                HAL_LTDC_Init
 .text.HAL_LTDC_ConfigLayer
                0x080053d4       0x7c ./Drivers/STM32F4xx_HAL_Driver/Src/stm32f4xx_hal_ltdc.o
                0x080053d4                HAL_LTDC_ConfigLayer
 .text.LTDC_SetConfig
                0x08005450      0x32e ./Drivers/STM32F4xx_HAL_Driver/Src/stm32f4xx_hal_ltdc.o
 *fill*         0x0800577e        0x2 
 .text.HAL_RCC_OscConfig
                0x08005780      0x4f0 ./Drivers/STM32F4xx_HAL_Driver/Src/stm32f4xx_hal_rcc.o
                0x08005780                HAL_RCC_OscConfig
 .text.HAL_RCC_ClockConfig
                0x08005c70      0x1cc ./Drivers/STM32F4xx_HAL_Driver/Src/stm32f4xx_hal_rcc.o
                0x08005c70                HAL_RCC_ClockConfig
 .text.HAL_RCC_GetSysClockFreq
                0x08005e3c      0x20c ./Drivers/STM32F4xx_HAL_Driver/Src/stm32f4xx_hal_rcc.o
                0x08005e3c                HAL_RCC_GetSysClockFreq
 .text.HAL_RCC_GetHCLKFreq
                0x08006048       0x18 ./Drivers/STM32F4xx_HAL_Driver/Src/stm32f4xx_hal_rcc.o
                0x08006048                HAL_RCC_GetHCLKFreq
 .text.HAL_RCC_GetPCLK1Freq
                0x08006060       0x28 ./Drivers/STM32F4xx_HAL_Driver/Src/stm32f4xx_hal_rcc.o
                0x08006060                HAL_RCC_GetPCLK1Freq
 .text.HAL_RCCEx_PeriphCLKConfig
                0x08006088      0x380 ./Drivers/STM32F4xx_HAL_Driver/Src/stm32f4xx_hal_rcc_ex.o
                0x08006088                HAL_RCCEx_PeriphCLKConfig
 .text.HAL_RNG_Init
                0x08006408       0x54 ./Drivers/STM32F4xx_HAL_Driver/Src/stm32f4xx_hal_rng.o
                0x08006408                HAL_RNG_Init
 .text.HAL_SPI_Init
                0x0800645c      0x112 ./Drivers/STM32F4xx_HAL_Driver/Src/stm32f4xx_hal_spi.o
                0x0800645c                HAL_SPI_Init
 .text.HAL_SPI_DeInit
                0x0800656e       0x50 ./Drivers/STM32F4xx_HAL_Driver/Src/stm32f4xx_hal_spi.o
                0x0800656e                HAL_SPI_DeInit
 .text.HAL_SPI_Transmit
                0x080065be      0x288 ./Drivers/STM32F4xx_HAL_Driver/Src/stm32f4xx_hal_spi.o
                0x080065be                HAL_SPI_Transmit
 .text.HAL_SPI_GetState
                0x08006846       0x1c ./Drivers/STM32F4xx_HAL_Driver/Src/stm32f4xx_hal_spi.o
                0x08006846                HAL_SPI_GetState
 *fill*         0x08006862        0x2 
 .text.SPI_WaitFlagStateUntilTimeout
                0x08006864      0x110 ./Drivers/STM32F4xx_HAL_Driver/Src/stm32f4xx_hal_spi.o
 .text.SPI_EndRxTxTransaction
                0x08006974       0xa8 ./Drivers/STM32F4xx_HAL_Driver/Src/stm32f4xx_hal_spi.o
 .text.HAL_TIM_Base_Init
                0x08006a1c       0x9e ./Drivers/STM32F4xx_HAL_Driver/Src/stm32f4xx_hal_tim.o
                0x08006a1c                HAL_TIM_Base_Init
 .text.HAL_TIM_PWM_Init
                0x08006aba       0x9e ./Drivers/STM32F4xx_HAL_Driver/Src/stm32f4xx_hal_tim.o
                0x08006aba                HAL_TIM_PWM_Init
 .text.HAL_TIM_PWM_MspInit
                0x08006b58       0x14 ./Drivers/STM32F4xx_HAL_Driver/Src/stm32f4xx_hal_tim.o
                0x08006b58                HAL_TIM_PWM_MspInit
 .text.HAL_TIM_PWM_Start
                0x08006b6c      0x190 ./Drivers/STM32F4xx_HAL_Driver/Src/stm32f4xx_hal_tim.o
                0x08006b6c                HAL_TIM_PWM_Start
 .text.HAL_TIM_PWM_ConfigChannel
                0x08006cfc      0x184 ./Drivers/STM32F4xx_HAL_Driver/Src/stm32f4xx_hal_tim.o
                0x08006cfc                HAL_TIM_PWM_ConfigChannel
 .text.HAL_TIM_ConfigClockSource
                0x08006e80      0x18e ./Drivers/STM32F4xx_HAL_Driver/Src/stm32f4xx_hal_tim.o
                0x08006e80                HAL_TIM_ConfigClockSource
 *fill*         0x0800700e        0x2 
 .text.TIM_Base_SetConfig
                0x08007010      0x158 ./Drivers/STM32F4xx_HAL_Driver/Src/stm32f4xx_hal_tim.o
                0x08007010                TIM_Base_SetConfig
 .text.TIM_OC1_SetConfig
                0x08007168       0xe0 ./Drivers/STM32F4xx_HAL_Driver/Src/stm32f4xx_hal_tim.o
 .text.TIM_OC2_SetConfig
                0x08007248       0xec ./Drivers/STM32F4xx_HAL_Driver/Src/stm32f4xx_hal_tim.o
                0x08007248                TIM_OC2_SetConfig
 .text.TIM_OC3_SetConfig
                0x08007334       0xe8 ./Drivers/STM32F4xx_HAL_Driver/Src/stm32f4xx_hal_tim.o
 .text.TIM_OC4_SetConfig
                0x0800741c       0xac ./Drivers/STM32F4xx_HAL_Driver/Src/stm32f4xx_hal_tim.o
 .text.TIM_TI1_ConfigInputStage
                0x080074c8       0x5e ./Drivers/STM32F4xx_HAL_Driver/Src/stm32f4xx_hal_tim.o
 .text.TIM_TI2_ConfigInputStage
                0x08007526       0x60 ./Drivers/STM32F4xx_HAL_Driver/Src/stm32f4xx_hal_tim.o
 .text.TIM_ITRx_SetConfig
                0x08007586       0x36 ./Drivers/STM32F4xx_HAL_Driver/Src/stm32f4xx_hal_tim.o
 .text.TIM_ETR_SetConfig
                0x080075bc       0x40 ./Drivers/STM32F4xx_HAL_Driver/Src/stm32f4xx_hal_tim.o
                0x080075bc                TIM_ETR_SetConfig
 .text.TIM_CCxChannelCmd
                0x080075fc       0x4a ./Drivers/STM32F4xx_HAL_Driver/Src/stm32f4xx_hal_tim.o
                0x080075fc                TIM_CCxChannelCmd
 *fill*         0x08007646        0x2 
 .text.HAL_TIMEx_MasterConfigSynchronization
                0x08007648       0xf8 ./Drivers/STM32F4xx_HAL_Driver/Src/stm32f4xx_hal_tim_ex.o
                0x08007648                HAL_TIMEx_MasterConfigSynchronization
 .text.sprintf  0x08007740       0x40 C:/ST/STM32CubeIDE_1.16.0/STM32CubeIDE/plugins/com.st.stm32cube.ide.mcu.externaltools.gnu-tools-for-stm32.12.3.rel1.win32_1.0.200.202406191623/tools/bin/../lib/gcc/arm-none-eabi/12.3.1/../../../../arm-none-eabi/lib/thumb/v7e-m+fp/hard\libc_nano.a(libc_a-sprintf.o)
                0x08007740                siprintf
                0x08007740                sprintf
 .text.memset   0x08007780       0x10 C:/ST/STM32CubeIDE_1.16.0/STM32CubeIDE/plugins/com.st.stm32cube.ide.mcu.externaltools.gnu-tools-for-stm32.12.3.rel1.win32_1.0.200.202406191623/tools/bin/../lib/gcc/arm-none-eabi/12.3.1/../../../../arm-none-eabi/lib/thumb/v7e-m+fp/hard\libc_nano.a(libc_a-memset.o)
                0x08007780                memset
 .text.__errno  0x08007790        0xc C:/ST/STM32CubeIDE_1.16.0/STM32CubeIDE/plugins/com.st.stm32cube.ide.mcu.externaltools.gnu-tools-for-stm32.12.3.rel1.win32_1.0.200.202406191623/tools/bin/../lib/gcc/arm-none-eabi/12.3.1/../../../../arm-none-eabi/lib/thumb/v7e-m+fp/hard\libc_nano.a(libc_a-errno.o)
                0x08007790                __errno
 .text.__libc_init_array
                0x0800779c       0x48 C:/ST/STM32CubeIDE_1.16.0/STM32CubeIDE/plugins/com.st.stm32cube.ide.mcu.externaltools.gnu-tools-for-stm32.12.3.rel1.win32_1.0.200.202406191623/tools/bin/../lib/gcc/arm-none-eabi/12.3.1/../../../../arm-none-eabi/lib/thumb/v7e-m+fp/hard\libc_nano.a(libc_a-init.o)
                0x0800779c                __libc_init_array
 .text.__retarget_lock_acquire_recursive
                0x080077e4        0x2 C:/ST/STM32CubeIDE_1.16.0/STM32CubeIDE/plugins/com.st.stm32cube.ide.mcu.externaltools.gnu-tools-for-stm32.12.3.rel1.win32_1.0.200.202406191623/tools/bin/../lib/gcc/arm-none-eabi/12.3.1/../../../../arm-none-eabi/lib/thumb/v7e-m+fp/hard\libc_nano.a(libc_a-lock.o)
                0x080077e4                __retarget_lock_acquire_recursive
 .text.__retarget_lock_release_recursive
                0x080077e6        0x2 C:/ST/STM32CubeIDE_1.16.0/STM32CubeIDE/plugins/com.st.stm32cube.ide.mcu.externaltools.gnu-tools-for-stm32.12.3.rel1.win32_1.0.200.202406191623/tools/bin/../lib/gcc/arm-none-eabi/12.3.1/../../../../arm-none-eabi/lib/thumb/v7e-m+fp/hard\libc_nano.a(libc_a-lock.o)
                0x080077e6                __retarget_lock_release_recursive
 .text.memcpy   0x080077e8       0x1c C:/ST/STM32CubeIDE_1.16.0/STM32CubeIDE/plugins/com.st.stm32cube.ide.mcu.externaltools.gnu-tools-for-stm32.12.3.rel1.win32_1.0.200.202406191623/tools/bin/../lib/gcc/arm-none-eabi/12.3.1/../../../../arm-none-eabi/lib/thumb/v7e-m+fp/hard\libc_nano.a(libc_a-memcpy-stub.o)
                0x080077e8                memcpy
 .text._free_r  0x08007804       0x94 C:/ST/STM32CubeIDE_1.16.0/STM32CubeIDE/plugins/com.st.stm32cube.ide.mcu.externaltools.gnu-tools-for-stm32.12.3.rel1.win32_1.0.200.202406191623/tools/bin/../lib/gcc/arm-none-eabi/12.3.1/../../../../arm-none-eabi/lib/thumb/v7e-m+fp/hard\libc_nano.a(libc_a-freer.o)
                0x08007804                _free_r
 .text.sbrk_aligned
                0x08007898       0x44 C:/ST/STM32CubeIDE_1.16.0/STM32CubeIDE/plugins/com.st.stm32cube.ide.mcu.externaltools.gnu-tools-for-stm32.12.3.rel1.win32_1.0.200.202406191623/tools/bin/../lib/gcc/arm-none-eabi/12.3.1/../../../../arm-none-eabi/lib/thumb/v7e-m+fp/hard\libc_nano.a(libc_a-mallocr.o)
 .text._malloc_r
                0x080078dc      0x100 C:/ST/STM32CubeIDE_1.16.0/STM32CubeIDE/plugins/com.st.stm32cube.ide.mcu.externaltools.gnu-tools-for-stm32.12.3.rel1.win32_1.0.200.202406191623/tools/bin/../lib/gcc/arm-none-eabi/12.3.1/../../../../arm-none-eabi/lib/thumb/v7e-m+fp/hard\libc_nano.a(libc_a-mallocr.o)
                0x080078dc                _malloc_r
 .text.__malloc_lock
                0x080079dc        0xc C:/ST/STM32CubeIDE_1.16.0/STM32CubeIDE/plugins/com.st.stm32cube.ide.mcu.externaltools.gnu-tools-for-stm32.12.3.rel1.win32_1.0.200.202406191623/tools/bin/../lib/gcc/arm-none-eabi/12.3.1/../../../../arm-none-eabi/lib/thumb/v7e-m+fp/hard\libc_nano.a(libc_a-mlock.o)
                0x080079dc                __malloc_lock
 .text.__malloc_unlock
                0x080079e8        0xc C:/ST/STM32CubeIDE_1.16.0/STM32CubeIDE/plugins/com.st.stm32cube.ide.mcu.externaltools.gnu-tools-for-stm32.12.3.rel1.win32_1.0.200.202406191623/tools/bin/../lib/gcc/arm-none-eabi/12.3.1/../../../../arm-none-eabi/lib/thumb/v7e-m+fp/hard\libc_nano.a(libc_a-mlock.o)
                0x080079e8                __malloc_unlock
 .text.__ssputs_r
                0x080079f4       0xb6 C:/ST/STM32CubeIDE_1.16.0/STM32CubeIDE/plugins/com.st.stm32cube.ide.mcu.externaltools.gnu-tools-for-stm32.12.3.rel1.win32_1.0.200.202406191623/tools/bin/../lib/gcc/arm-none-eabi/12.3.1/../../../../arm-none-eabi/lib/thumb/v7e-m+fp/hard\libc_nano.a(libc_a-nano-svfprintf.o)
                0x080079f4                __ssputs_r
 *fill*         0x08007aaa        0x2 
 .text._svfprintf_r
                0x08007aac      0x1f8 C:/ST/STM32CubeIDE_1.16.0/STM32CubeIDE/plugins/com.st.stm32cube.ide.mcu.externaltools.gnu-tools-for-stm32.12.3.rel1.win32_1.0.200.202406191623/tools/bin/../lib/gcc/arm-none-eabi/12.3.1/../../../../arm-none-eabi/lib/thumb/v7e-m+fp/hard\libc_nano.a(libc_a-nano-svfprintf.o)
                0x08007aac                _svfiprintf_r
                0x08007aac                _svfprintf_r
 .text._printf_common
                0x08007ca4       0xda C:/ST/STM32CubeIDE_1.16.0/STM32CubeIDE/plugins/com.st.stm32cube.ide.mcu.externaltools.gnu-tools-for-stm32.12.3.rel1.win32_1.0.200.202406191623/tools/bin/../lib/gcc/arm-none-eabi/12.3.1/../../../../arm-none-eabi/lib/thumb/v7e-m+fp/hard\libc_nano.a(libc_a-nano-vfprintf_i.o)
                0x08007ca4                _printf_common
 *fill*         0x08007d7e        0x2 
 .text._printf_i
                0x08007d80      0x240 C:/ST/STM32CubeIDE_1.16.0/STM32CubeIDE/plugins/com.st.stm32cube.ide.mcu.externaltools.gnu-tools-for-stm32.12.3.rel1.win32_1.0.200.202406191623/tools/bin/../lib/gcc/arm-none-eabi/12.3.1/../../../../arm-none-eabi/lib/thumb/v7e-m+fp/hard\libc_nano.a(libc_a-nano-vfprintf_i.o)
                0x08007d80                _printf_i
 .text.memmove  0x08007fc0       0x34 C:/ST/STM32CubeIDE_1.16.0/STM32CubeIDE/plugins/com.st.stm32cube.ide.mcu.externaltools.gnu-tools-for-stm32.12.3.rel1.win32_1.0.200.202406191623/tools/bin/../lib/gcc/arm-none-eabi/12.3.1/../../../../arm-none-eabi/lib/thumb/v7e-m+fp/hard\libc_nano.a(libc_a-memmove.o)
                0x08007fc0                memmove
 .text._sbrk_r  0x08007ff4       0x20 C:/ST/STM32CubeIDE_1.16.0/STM32CubeIDE/plugins/com.st.stm32cube.ide.mcu.externaltools.gnu-tools-for-stm32.12.3.rel1.win32_1.0.200.202406191623/tools/bin/../lib/gcc/arm-none-eabi/12.3.1/../../../../arm-none-eabi/lib/thumb/v7e-m+fp/hard\libc_nano.a(libc_a-sbrkr.o)
                0x08007ff4                _sbrk_r
 .text._realloc_r
                0x08008014       0x5c C:/ST/STM32CubeIDE_1.16.0/STM32CubeIDE/plugins/com.st.stm32cube.ide.mcu.externaltools.gnu-tools-for-stm32.12.3.rel1.win32_1.0.200.202406191623/tools/bin/../lib/gcc/arm-none-eabi/12.3.1/../../../../arm-none-eabi/lib/thumb/v7e-m+fp/hard\libc_nano.a(libc_a-reallocr.o)
                0x08008014                _realloc_r
 .text._malloc_usable_size_r
                0x08008070       0x10 C:/ST/STM32CubeIDE_1.16.0/STM32CubeIDE/plugins/com.st.stm32cube.ide.mcu.externaltools.gnu-tools-for-stm32.12.3.rel1.win32_1.0.200.202406191623/tools/bin/../lib/gcc/arm-none-eabi/12.3.1/../../../../arm-none-eabi/lib/thumb/v7e-m+fp/hard\libc_nano.a(libc_a-msizer.o)
                0x08008070                _malloc_usable_size_r
 *(.glue_7)
 .glue_7        0x08008080        0x0 linker stubs
 *(.glue_7t)
 .glue_7t       0x08008080        0x0 linker stubs
 *(.eh_frame)
 .eh_frame      0x08008080        0x0 C:/ST/STM32CubeIDE_1.16.0/STM32CubeIDE/plugins/com.st.stm32cube.ide.mcu.externaltools.gnu-tools-for-stm32.12.3.rel1.win32_1.0.200.202406191623/tools/bin/../lib/gcc/arm-none-eabi/12.3.1/thumb/v7e-m+fp/hard/crtbegin.o
 *(.init)
 .init          0x08008080        0x4 C:/ST/STM32CubeIDE_1.16.0/STM32CubeIDE/plugins/com.st.stm32cube.ide.mcu.externaltools.gnu-tools-for-stm32.12.3.rel1.win32_1.0.200.202406191623/tools/bin/../lib/gcc/arm-none-eabi/12.3.1/thumb/v7e-m+fp/hard/crti.o
                0x08008080                _init
 .init          0x08008084        0x8 C:/ST/STM32CubeIDE_1.16.0/STM32CubeIDE/plugins/com.st.stm32cube.ide.mcu.externaltools.gnu-tools-for-stm32.12.3.rel1.win32_1.0.200.202406191623/tools/bin/../lib/gcc/arm-none-eabi/12.3.1/thumb/v7e-m+fp/hard/crtn.o
 *(.fini)
 .fini          0x0800808c        0x4 C:/ST/STM32CubeIDE_1.16.0/STM32CubeIDE/plugins/com.st.stm32cube.ide.mcu.externaltools.gnu-tools-for-stm32.12.3.rel1.win32_1.0.200.202406191623/tools/bin/../lib/gcc/arm-none-eabi/12.3.1/thumb/v7e-m+fp/hard/crti.o
                0x0800808c                _fini
 .fini          0x08008090        0x8 C:/ST/STM32CubeIDE_1.16.0/STM32CubeIDE/plugins/com.st.stm32cube.ide.mcu.externaltools.gnu-tools-for-stm32.12.3.rel1.win32_1.0.200.202406191623/tools/bin/../lib/gcc/arm-none-eabi/12.3.1/thumb/v7e-m+fp/hard/crtn.o
                0x08008098                        . = ALIGN (0x4)
                0x08008098                        _etext = .

.vfp11_veneer   0x08008098        0x0
 .vfp11_veneer  0x08008098        0x0 linker stubs

.v4_bx          0x08008098        0x0
 .v4_bx         0x08008098        0x0 linker stubs

.iplt           0x08008098        0x0
 .iplt          0x08008098        0x0 C:/ST/STM32CubeIDE_1.16.0/STM32CubeIDE/plugins/com.st.stm32cube.ide.mcu.externaltools.gnu-tools-for-stm32.12.3.rel1.win32_1.0.200.202406191623/tools/bin/../lib/gcc/arm-none-eabi/12.3.1/thumb/v7e-m+fp/hard/crtbegin.o

.rodata         0x08008098     0x1224
                0x08008098                        . = ALIGN (0x4)
 *(.rodata)
 .rodata        0x08008098        0x5 ./Core/Src/diagnosticsScreen.o
 *(.rodata*)
 *fill*         0x0800809d        0x3 
 .rodata.ASCII16x24_Table
                0x080080a0     0x11d0 ./Core/Src/fonts.o
                0x080080a0                ASCII16x24_Table
 .rodata.AHBPrescTable
                0x08009270       0x10 ./Core/Src/system_stm32f4xx.o
                0x08009270                AHBPrescTable
 .rodata.APBPrescTable
                0x08009280        0x8 ./Core/Src/system_stm32f4xx.o
                0x08009280                APBPrescTable
 .rodata._svfprintf_r.str1.1
                0x08009288       0x11 C:/ST/STM32CubeIDE_1.16.0/STM32CubeIDE/plugins/com.st.stm32cube.ide.mcu.externaltools.gnu-tools-for-stm32.12.3.rel1.win32_1.0.200.202406191623/tools/bin/../lib/gcc/arm-none-eabi/12.3.1/../../../../arm-none-eabi/lib/thumb/v7e-m+fp/hard\libc_nano.a(libc_a-nano-svfprintf.o)
 .rodata._printf_i.str1.1
                0x08009299       0x22 C:/ST/STM32CubeIDE_1.16.0/STM32CubeIDE/plugins/com.st.stm32cube.ide.mcu.externaltools.gnu-tools-for-stm32.12.3.rel1.win32_1.0.200.202406191623/tools/bin/../lib/gcc/arm-none-eabi/12.3.1/../../../../arm-none-eabi/lib/thumb/v7e-m+fp/hard\libc_nano.a(libc_a-nano-vfprintf_i.o)
                0x080092bc                        . = ALIGN (0x4)
 *fill*         0x080092bb        0x1 

.ARM.extab      0x080092bc        0x0
                0x080092bc                        . = ALIGN (0x4)
 *(.ARM.extab* .gnu.linkonce.armextab.*)
                0x080092bc                        . = ALIGN (0x4)

.ARM            0x080092bc        0x8
                0x080092bc                        . = ALIGN (0x4)
                0x080092bc                        __exidx_start = .
 *(.ARM.exidx*)
 .ARM.exidx     0x080092bc        0x8 C:/ST/STM32CubeIDE_1.16.0/STM32CubeIDE/plugins/com.st.stm32cube.ide.mcu.externaltools.gnu-tools-for-stm32.12.3.rel1.win32_1.0.200.202406191623/tools/bin/../lib/gcc/arm-none-eabi/12.3.1/../../../../arm-none-eabi/lib/thumb/v7e-m+fp/hard\libc_nano.a(libc_a-memchr.o)
 .ARM.exidx     0x080092c4        0x0 C:/ST/STM32CubeIDE_1.16.0/STM32CubeIDE/plugins/com.st.stm32cube.ide.mcu.externaltools.gnu-tools-for-stm32.12.3.rel1.win32_1.0.200.202406191623/tools/bin/../lib/gcc/arm-none-eabi/12.3.1/thumb/v7e-m+fp/hard\libgcc.a(_udivmoddi4.o)
                                  0x8 (size before relaxing)
                0x080092c4                        __exidx_end = .
                0x080092c4                        . = ALIGN (0x4)

.preinit_array  0x080092c4        0x0
                0x080092c4                        . = ALIGN (0x4)
                0x080092c4                        PROVIDE (__preinit_array_start = .)
 *(.preinit_array*)
                0x080092c4                        PROVIDE (__preinit_array_end = .)
                0x080092c4                        . = ALIGN (0x4)

.init_array     0x080092c4        0x4
                0x080092c4                        . = ALIGN (0x4)
                0x080092c4                        PROVIDE (__init_array_start = .)
 *(SORT_BY_NAME(.init_array.*))
 *(.init_array*)
 .init_array    0x080092c4        0x4 C:/ST/STM32CubeIDE_1.16.0/STM32CubeIDE/plugins/com.st.stm32cube.ide.mcu.externaltools.gnu-tools-for-stm32.12.3.rel1.win32_1.0.200.202406191623/tools/bin/../lib/gcc/arm-none-eabi/12.3.1/thumb/v7e-m+fp/hard/crtbegin.o
                0x080092c8                        PROVIDE (__init_array_end = .)
                0x080092c8                        . = ALIGN (0x4)

.fini_array     0x080092c8        0x4
                0x080092c8                        . = ALIGN (0x4)
                [!provide]                        PROVIDE (__fini_array_start = .)
 *(SORT_BY_NAME(.fini_array.*))
 *(.fini_array*)
 .fini_array    0x080092c8        0x4 C:/ST/STM32CubeIDE_1.16.0/STM32CubeIDE/plugins/com.st.stm32cube.ide.mcu.externaltools.gnu-tools-for-stm32.12.3.rel1.win32_1.0.200.202406191623/tools/bin/../lib/gcc/arm-none-eabi/12.3.1/thumb/v7e-m+fp/hard/crtbegin.o
                [!provide]                        PROVIDE (__fini_array_end = .)
                0x080092cc                        . = ALIGN (0x4)
                0x080092cc                        _sidata = LOADADDR (.data)

.rel.dyn        0x080092cc        0x0
 .rel.iplt      0x080092cc        0x0 C:/ST/STM32CubeIDE_1.16.0/STM32CubeIDE/plugins/com.st.stm32cube.ide.mcu.externaltools.gnu-tools-for-stm32.12.3.rel1.win32_1.0.200.202406191623/tools/bin/../lib/gcc/arm-none-eabi/12.3.1/thumb/v7e-m+fp/hard/crtbegin.o

.data           0x20000000       0x6c load address 0x080092cc
                0x20000000                        . = ALIGN (0x4)
                0x20000000                        _sdata = .
 *(.data)
 *(.data*)
 .data.CurrentTextColor
                0x20000000        0x2 ./Core/Src/LCD_Driver.o
 *fill*         0x20000002        0x2 
 .data.Font16x24
                0x20000004        0x8 ./Core/Src/fonts.o
                0x20000004                Font16x24
 .data.SpiTimeout
                0x2000000c        0x4 ./Core/Src/ili9341.o
                0x2000000c                SpiTimeout
 .data.SystemCoreClock
                0x20000010        0x4 ./Core/Src/system_stm32f4xx.o
                0x20000010                SystemCoreClock
 .data.uwTickPrio
                0x20000014        0x4 ./Drivers/STM32F4xx_HAL_Driver/Src/stm32f4xx_hal.o
                0x20000014                uwTickPrio
 .data.uwTickFreq
                0x20000018        0x1 ./Drivers/STM32F4xx_HAL_Driver/Src/stm32f4xx_hal.o
                0x20000018                uwTickFreq
 *fill*         0x20000019        0x3 
 .data._impure_ptr
                0x2000001c        0x4 C:/ST/STM32CubeIDE_1.16.0/STM32CubeIDE/plugins/com.st.stm32cube.ide.mcu.externaltools.gnu-tools-for-stm32.12.3.rel1.win32_1.0.200.202406191623/tools/bin/../lib/gcc/arm-none-eabi/12.3.1/../../../../arm-none-eabi/lib/thumb/v7e-m+fp/hard\libc_nano.a(libc_a-impure.o)
                0x2000001c                _impure_ptr
 .data._impure_data
                0x20000020       0x4c C:/ST/STM32CubeIDE_1.16.0/STM32CubeIDE/plugins/com.st.stm32cube.ide.mcu.externaltools.gnu-tools-for-stm32.12.3.rel1.win32_1.0.200.202406191623/tools/bin/../lib/gcc/arm-none-eabi/12.3.1/../../../../arm-none-eabi/lib/thumb/v7e-m+fp/hard\libc_nano.a(libc_a-impure.o)
                0x20000020                _impure_data
 *(.RamFunc)
 *(.RamFunc*)
                0x2000006c                        . = ALIGN (0x4)
                0x2000006c                        _edata = .
                0x08009338                        _siccmram = LOADADDR (.ccmram)

.igot.plt       0x2000006c        0x0 load address 0x08009338
 .igot.plt      0x2000006c        0x0 C:/ST/STM32CubeIDE_1.16.0/STM32CubeIDE/plugins/com.st.stm32cube.ide.mcu.externaltools.gnu-tools-for-stm32.12.3.rel1.win32_1.0.200.202406191623/tools/bin/../lib/gcc/arm-none-eabi/12.3.1/thumb/v7e-m+fp/hard/crtbegin.o

.ccmram         0x10000000        0x0 load address 0x08009338
                0x10000000                        . = ALIGN (0x4)
                0x10000000                        _sccmram = .
 *(.ccmram)
 *(.ccmram*)
                0x10000000                        . = ALIGN (0x4)
                0x10000000                        _eccmram = .
                0x10000000                        . = ALIGN (0x4)

.bss            0x2000006c    0x25d54
                0x2000006c                        _sbss = .
                0x2000006c                        __bss_start__ = _sbss
 *(.bss)
 .bss           0x2000006c       0x1c C:/ST/STM32CubeIDE_1.16.0/STM32CubeIDE/plugins/com.st.stm32cube.ide.mcu.externaltools.gnu-tools-for-stm32.12.3.rel1.win32_1.0.200.202406191623/tools/bin/../lib/gcc/arm-none-eabi/12.3.1/thumb/v7e-m+fp/hard/crtbegin.o
 *(.bss*)
 .bss.screenNum
                0x20000088        0x1 ./Core/Src/ApplicationCode.o
 *fill*         0x20000089        0x3 
 .bss.StaticTouchData
                0x2000008c        0x8 ./Core/Src/ApplicationCode.o
 .bss.LCDTouchIRQ
                0x20000094        0x8 ./Core/Src/ApplicationCode.o
 .bss.statusFlag
                0x2000009c        0x1 ./Core/Src/ApplicationCode.o
 *fill*         0x2000009d        0x3 
 .bss.count.0   0x200000a0        0x4 ./Core/Src/ApplicationCode.o
 .bss.hltdc     0x200000a4       0xa8 ./Core/Src/LCD_Driver.o
 .bss.PeriphClkInitStruct
                0x2000014c       0x30 ./Core/Src/LCD_Driver.o
 .bss.LCD_Currentfonts
                0x2000017c        0x4 ./Core/Src/LCD_Driver.o
 .bss.frameBuffer
                0x20000180    0x25800 ./Core/Src/LCD_Driver.o
                0x20000180                frameBuffer
 .bss.SpiHandle
                0x20025980       0x58 ./Core/Src/ili9341.o
 .bss.Is_LCD_IO_Initialized
                0x200259d8        0x1 ./Core/Src/ili9341.o
 *fill*         0x200259d9        0x3 
 .bss.hadc1     0x200259dc       0x48 ./Core/Src/main.o
                0x200259dc                hadc1
 .bss.hadc2     0x20025a24       0x48 ./Core/Src/main.o
                0x20025a24                hadc2
 .bss.hi2c3     0x20025a6c       0x54 ./Core/Src/main.o
                0x20025a6c                hi2c3
 .bss.hltdc     0x20025ac0       0xa8 ./Core/Src/main.o
                0x20025ac0                hltdc
 .bss.hrng      0x20025b68       0x10 ./Core/Src/main.o
                0x20025b68                hrng
 .bss.hspi5     0x20025b78       0x58 ./Core/Src/main.o
                0x20025b78                hspi5
 .bss.htim3     0x20025bd0       0x48 ./Core/Src/main.o
                0x20025bd0                htim3
 .bss.hI2C3     0x20025c18       0x54 ./Core/Src/stmpe811.o
 .bss.HAL_status
                0x20025c6c        0x1 ./Core/Src/stmpe811.o
 *fill*         0x20025c6d        0x3 
 .bss.__sbrk_heap_end
                0x20025c70        0x4 ./Core/Src/sysmem.o
 .bss.uwTick    0x20025c74        0x4 ./Drivers/STM32F4xx_HAL_Driver/Src/stm32f4xx_hal.o
                0x20025c74                uwTick
 .bss.__sf      0x20025c78      0x138 C:/ST/STM32CubeIDE_1.16.0/STM32CubeIDE/plugins/com.st.stm32cube.ide.mcu.externaltools.gnu-tools-for-stm32.12.3.rel1.win32_1.0.200.202406191623/tools/bin/../lib/gcc/arm-none-eabi/12.3.1/../../../../arm-none-eabi/lib/thumb/v7e-m+fp/hard\libc_nano.a(libc_a-findfp.o)
                0x20025c78                __sf
 .bss.errno     0x20025db0        0x4 C:/ST/STM32CubeIDE_1.16.0/STM32CubeIDE/plugins/com.st.stm32cube.ide.mcu.externaltools.gnu-tools-for-stm32.12.3.rel1.win32_1.0.200.202406191623/tools/bin/../lib/gcc/arm-none-eabi/12.3.1/../../../../arm-none-eabi/lib/thumb/v7e-m+fp/hard\libc_nano.a(libc_a-reent.o)
                0x20025db0                errno
 .bss.__lock___malloc_recursive_mutex
                0x20025db4        0x1 C:/ST/STM32CubeIDE_1.16.0/STM32CubeIDE/plugins/com.st.stm32cube.ide.mcu.externaltools.gnu-tools-for-stm32.12.3.rel1.win32_1.0.200.202406191623/tools/bin/../lib/gcc/arm-none-eabi/12.3.1/../../../../arm-none-eabi/lib/thumb/v7e-m+fp/hard\libc_nano.a(libc_a-lock.o)
                0x20025db4                __lock___malloc_recursive_mutex
 *fill*         0x20025db5        0x3 
 .bss.__malloc_sbrk_start
                0x20025db8        0x4 C:/ST/STM32CubeIDE_1.16.0/STM32CubeIDE/plugins/com.st.stm32cube.ide.mcu.externaltools.gnu-tools-for-stm32.12.3.rel1.win32_1.0.200.202406191623/tools/bin/../lib/gcc/arm-none-eabi/12.3.1/../../../../arm-none-eabi/lib/thumb/v7e-m+fp/hard\libc_nano.a(libc_a-mallocr.o)
                0x20025db8                __malloc_sbrk_start
 .bss.__malloc_free_list
                0x20025dbc        0x4 C:/ST/STM32CubeIDE_1.16.0/STM32CubeIDE/plugins/com.st.stm32cube.ide.mcu.externaltools.gnu-tools-for-stm32.12.3.rel1.win32_1.0.200.202406191623/tools/bin/../lib/gcc/arm-none-eabi/12.3.1/../../../../arm-none-eabi/lib/thumb/v7e-m+fp/hard\libc_nano.a(libc_a-mallocr.o)
                0x20025dbc                __malloc_free_list
 *(COMMON)
                0x20025dc0                        . = ALIGN (0x4)
                0x20025dc0                        _ebss = .
                0x20025dc0                        __bss_end__ = _ebss

._user_heap_stack
                0x20025dc0      0x600
                0x20025dc0                        . = ALIGN (0x8)
                [!provide]                        PROVIDE (end = .)
                0x20025dc0                        PROVIDE (_end = .)
                0x20025fc0                        . = (. + _Min_Heap_Size)
 *fill*         0x20025dc0      0x200 
                0x200263c0                        . = (. + _Min_Stack_Size)
 *fill*         0x20025fc0      0x400 
                0x200263c0                        . = ALIGN (0x8)

/DISCARD/
 libc.a(*)
 libm.a(*)
 libgcc.a(*)

.ARM.attributes
                0x00000000       0x30
 *(.ARM.attributes)
 .ARM.attributes
                0x00000000       0x22 C:/ST/STM32CubeIDE_1.16.0/STM32CubeIDE/plugins/com.st.stm32cube.ide.mcu.externaltools.gnu-tools-for-stm32.12.3.rel1.win32_1.0.200.202406191623/tools/bin/../lib/gcc/arm-none-eabi/12.3.1/thumb/v7e-m+fp/hard/crti.o
 .ARM.attributes
                0x00000022       0x34 C:/ST/STM32CubeIDE_1.16.0/STM32CubeIDE/plugins/com.st.stm32cube.ide.mcu.externaltools.gnu-tools-for-stm32.12.3.rel1.win32_1.0.200.202406191623/tools/bin/../lib/gcc/arm-none-eabi/12.3.1/thumb/v7e-m+fp/hard/crtbegin.o
 .ARM.attributes
                0x00000056       0x34 ./Core/Src/ApplicationCode.o
 .ARM.attributes
                0x0000008a       0x34 ./Core/Src/LCD_Driver.o
 .ARM.attributes
                0x000000be       0x34 ./Core/Src/diagnosticsScreen.o
 .ARM.attributes
                0x000000f2       0x34 ./Core/Src/fonts.o
 .ARM.attributes
                0x00000126       0x34 ./Core/Src/ili9341.o
 .ARM.attributes
                0x0000015a       0x34 ./Core/Src/joystickDriver.o
 .ARM.attributes
                0x0000018e       0x34 ./Core/Src/main.o
 .ARM.attributes
                0x000001c2       0x34 ./Core/Src/motorDriver.o
 .ARM.attributes
                0x000001f6       0x34 ./Core/Src/stm32f4xx_hal_msp.o
 .ARM.attributes
                0x0000022a       0x34 ./Core/Src/stm32f4xx_it.o
 .ARM.attributes
                0x0000025e       0x34 ./Core/Src/stmpe811.o
 .ARM.attributes
                0x00000292       0x34 ./Core/Src/syscalls.o
 .ARM.attributes
                0x000002c6       0x34 ./Core/Src/sysmem.o
 .ARM.attributes
                0x000002fa       0x34 ./Core/Src/system_stm32f4xx.o
 .ARM.attributes
                0x0000032e       0x21 ./Core/Startup/startup_stm32f429zitx.o
 .ARM.attributes
                0x0000034f       0x34 ./Drivers/STM32F4xx_HAL_Driver/Src/stm32f4xx_hal.o
 .ARM.attributes
                0x00000383       0x34 ./Drivers/STM32F4xx_HAL_Driver/Src/stm32f4xx_hal_adc.o
 .ARM.attributes
                0x000003b7       0x34 ./Drivers/STM32F4xx_HAL_Driver/Src/stm32f4xx_hal_cortex.o
 .ARM.attributes
                0x000003eb       0x34 ./Drivers/STM32F4xx_HAL_Driver/Src/stm32f4xx_hal_exti.o
 .ARM.attributes
                0x0000041f       0x34 ./Drivers/STM32F4xx_HAL_Driver/Src/stm32f4xx_hal_gpio.o
 .ARM.attributes
                0x00000453       0x34 ./Drivers/STM32F4xx_HAL_Driver/Src/stm32f4xx_hal_i2c.o
 .ARM.attributes
                0x00000487       0x34 ./Drivers/STM32F4xx_HAL_Driver/Src/stm32f4xx_hal_i2c_ex.o
 .ARM.attributes
                0x000004bb       0x34 ./Drivers/STM32F4xx_HAL_Driver/Src/stm32f4xx_hal_ltdc.o
 .ARM.attributes
                0x000004ef       0x34 ./Drivers/STM32F4xx_HAL_Driver/Src/stm32f4xx_hal_rcc.o
 .ARM.attributes
                0x00000523       0x34 ./Drivers/STM32F4xx_HAL_Driver/Src/stm32f4xx_hal_rcc_ex.o
 .ARM.attributes
                0x00000557       0x34 ./Drivers/STM32F4xx_HAL_Driver/Src/stm32f4xx_hal_rng.o
 .ARM.attributes
                0x0000058b       0x34 ./Drivers/STM32F4xx_HAL_Driver/Src/stm32f4xx_hal_spi.o
 .ARM.attributes
                0x000005bf       0x34 ./Drivers/STM32F4xx_HAL_Driver/Src/stm32f4xx_hal_tim.o
 .ARM.attributes
                0x000005f3       0x34 ./Drivers/STM32F4xx_HAL_Driver/Src/stm32f4xx_hal_tim_ex.o
 .ARM.attributes
                0x00000627       0x34 C:/ST/STM32CubeIDE_1.16.0/STM32CubeIDE/plugins/com.st.stm32cube.ide.mcu.externaltools.gnu-tools-for-stm32.12.3.rel1.win32_1.0.200.202406191623/tools/bin/../lib/gcc/arm-none-eabi/12.3.1/../../../../arm-none-eabi/lib/thumb/v7e-m+fp/hard\libc_nano.a(libc_a-findfp.o)
 .ARM.attributes
                0x0000065b       0x34 C:/ST/STM32CubeIDE_1.16.0/STM32CubeIDE/plugins/com.st.stm32cube.ide.mcu.externaltools.gnu-tools-for-stm32.12.3.rel1.win32_1.0.200.202406191623/tools/bin/../lib/gcc/arm-none-eabi/12.3.1/../../../../arm-none-eabi/lib/thumb/v7e-m+fp/hard\libc_nano.a(libc_a-sprintf.o)
 .ARM.attributes
                0x0000068f       0x34 C:/ST/STM32CubeIDE_1.16.0/STM32CubeIDE/plugins/com.st.stm32cube.ide.mcu.externaltools.gnu-tools-for-stm32.12.3.rel1.win32_1.0.200.202406191623/tools/bin/../lib/gcc/arm-none-eabi/12.3.1/../../../../arm-none-eabi/lib/thumb/v7e-m+fp/hard\libc_nano.a(libc_a-memset.o)
 .ARM.attributes
                0x000006c3       0x34 C:/ST/STM32CubeIDE_1.16.0/STM32CubeIDE/plugins/com.st.stm32cube.ide.mcu.externaltools.gnu-tools-for-stm32.12.3.rel1.win32_1.0.200.202406191623/tools/bin/../lib/gcc/arm-none-eabi/12.3.1/../../../../arm-none-eabi/lib/thumb/v7e-m+fp/hard\libc_nano.a(libc_a-reent.o)
 .ARM.attributes
                0x000006f7       0x34 C:/ST/STM32CubeIDE_1.16.0/STM32CubeIDE/plugins/com.st.stm32cube.ide.mcu.externaltools.gnu-tools-for-stm32.12.3.rel1.win32_1.0.200.202406191623/tools/bin/../lib/gcc/arm-none-eabi/12.3.1/../../../../arm-none-eabi/lib/thumb/v7e-m+fp/hard\libc_nano.a(libc_a-impure.o)
 .ARM.attributes
                0x0000072b       0x34 C:/ST/STM32CubeIDE_1.16.0/STM32CubeIDE/plugins/com.st.stm32cube.ide.mcu.externaltools.gnu-tools-for-stm32.12.3.rel1.win32_1.0.200.202406191623/tools/bin/../lib/gcc/arm-none-eabi/12.3.1/../../../../arm-none-eabi/lib/thumb/v7e-m+fp/hard\libc_nano.a(libc_a-errno.o)
 .ARM.attributes
                0x0000075f       0x34 C:/ST/STM32CubeIDE_1.16.0/STM32CubeIDE/plugins/com.st.stm32cube.ide.mcu.externaltools.gnu-tools-for-stm32.12.3.rel1.win32_1.0.200.202406191623/tools/bin/../lib/gcc/arm-none-eabi/12.3.1/../../../../arm-none-eabi/lib/thumb/v7e-m+fp/hard\libc_nano.a(libc_a-init.o)
 .ARM.attributes
                0x00000793       0x34 C:/ST/STM32CubeIDE_1.16.0/STM32CubeIDE/plugins/com.st.stm32cube.ide.mcu.externaltools.gnu-tools-for-stm32.12.3.rel1.win32_1.0.200.202406191623/tools/bin/../lib/gcc/arm-none-eabi/12.3.1/../../../../arm-none-eabi/lib/thumb/v7e-m+fp/hard\libc_nano.a(libc_a-lock.o)
 .ARM.attributes
                0x000007c7       0x34 C:/ST/STM32CubeIDE_1.16.0/STM32CubeIDE/plugins/com.st.stm32cube.ide.mcu.externaltools.gnu-tools-for-stm32.12.3.rel1.win32_1.0.200.202406191623/tools/bin/../lib/gcc/arm-none-eabi/12.3.1/../../../../arm-none-eabi/lib/thumb/v7e-m+fp/hard\libc_nano.a(libc_a-memcpy-stub.o)
 .ARM.attributes
                0x000007fb       0x34 C:/ST/STM32CubeIDE_1.16.0/STM32CubeIDE/plugins/com.st.stm32cube.ide.mcu.externaltools.gnu-tools-for-stm32.12.3.rel1.win32_1.0.200.202406191623/tools/bin/../lib/gcc/arm-none-eabi/12.3.1/../../../../arm-none-eabi/lib/thumb/v7e-m+fp/hard\libc_nano.a(libc_a-freer.o)
 .ARM.attributes
                0x0000082f       0x34 C:/ST/STM32CubeIDE_1.16.0/STM32CubeIDE/plugins/com.st.stm32cube.ide.mcu.externaltools.gnu-tools-for-stm32.12.3.rel1.win32_1.0.200.202406191623/tools/bin/../lib/gcc/arm-none-eabi/12.3.1/../../../../arm-none-eabi/lib/thumb/v7e-m+fp/hard\libc_nano.a(libc_a-mallocr.o)
 .ARM.attributes
                0x00000863       0x34 C:/ST/STM32CubeIDE_1.16.0/STM32CubeIDE/plugins/com.st.stm32cube.ide.mcu.externaltools.gnu-tools-for-stm32.12.3.rel1.win32_1.0.200.202406191623/tools/bin/../lib/gcc/arm-none-eabi/12.3.1/../../../../arm-none-eabi/lib/thumb/v7e-m+fp/hard\libc_nano.a(libc_a-mlock.o)
 .ARM.attributes
                0x00000897       0x34 C:/ST/STM32CubeIDE_1.16.0/STM32CubeIDE/plugins/com.st.stm32cube.ide.mcu.externaltools.gnu-tools-for-stm32.12.3.rel1.win32_1.0.200.202406191623/tools/bin/../lib/gcc/arm-none-eabi/12.3.1/../../../../arm-none-eabi/lib/thumb/v7e-m+fp/hard\libc_nano.a(libc_a-nano-svfprintf.o)
 .ARM.attributes
                0x000008cb       0x34 C:/ST/STM32CubeIDE_1.16.0/STM32CubeIDE/plugins/com.st.stm32cube.ide.mcu.externaltools.gnu-tools-for-stm32.12.3.rel1.win32_1.0.200.202406191623/tools/bin/../lib/gcc/arm-none-eabi/12.3.1/../../../../arm-none-eabi/lib/thumb/v7e-m+fp/hard\libc_nano.a(libc_a-nano-vfprintf_i.o)
 .ARM.attributes
                0x000008ff       0x34 C:/ST/STM32CubeIDE_1.16.0/STM32CubeIDE/plugins/com.st.stm32cube.ide.mcu.externaltools.gnu-tools-for-stm32.12.3.rel1.win32_1.0.200.202406191623/tools/bin/../lib/gcc/arm-none-eabi/12.3.1/../../../../arm-none-eabi/lib/thumb/v7e-m+fp/hard\libc_nano.a(libc_a-memmove.o)
 .ARM.attributes
                0x00000933       0x34 C:/ST/STM32CubeIDE_1.16.0/STM32CubeIDE/plugins/com.st.stm32cube.ide.mcu.externaltools.gnu-tools-for-stm32.12.3.rel1.win32_1.0.200.202406191623/tools/bin/../lib/gcc/arm-none-eabi/12.3.1/../../../../arm-none-eabi/lib/thumb/v7e-m+fp/hard\libc_nano.a(libc_a-sbrkr.o)
 .ARM.attributes
                0x00000967       0x1c C:/ST/STM32CubeIDE_1.16.0/STM32CubeIDE/plugins/com.st.stm32cube.ide.mcu.externaltools.gnu-tools-for-stm32.12.3.rel1.win32_1.0.200.202406191623/tools/bin/../lib/gcc/arm-none-eabi/12.3.1/../../../../arm-none-eabi/lib/thumb/v7e-m+fp/hard\libc_nano.a(libc_a-memchr.o)
 .ARM.attributes
                0x00000983       0x34 C:/ST/STM32CubeIDE_1.16.0/STM32CubeIDE/plugins/com.st.stm32cube.ide.mcu.externaltools.gnu-tools-for-stm32.12.3.rel1.win32_1.0.200.202406191623/tools/bin/../lib/gcc/arm-none-eabi/12.3.1/../../../../arm-none-eabi/lib/thumb/v7e-m+fp/hard\libc_nano.a(libc_a-reallocr.o)
 .ARM.attributes
                0x000009b7       0x34 C:/ST/STM32CubeIDE_1.16.0/STM32CubeIDE/plugins/com.st.stm32cube.ide.mcu.externaltools.gnu-tools-for-stm32.12.3.rel1.win32_1.0.200.202406191623/tools/bin/../lib/gcc/arm-none-eabi/12.3.1/../../../../arm-none-eabi/lib/thumb/v7e-m+fp/hard\libc_nano.a(libc_a-msizer.o)
 .ARM.attributes
                0x000009eb       0x22 C:/ST/STM32CubeIDE_1.16.0/STM32CubeIDE/plugins/com.st.stm32cube.ide.mcu.externaltools.gnu-tools-for-stm32.12.3.rel1.win32_1.0.200.202406191623/tools/bin/../lib/gcc/arm-none-eabi/12.3.1/thumb/v7e-m+fp/hard\libgcc.a(_aeabi_uldivmod.o)
 .ARM.attributes
                0x00000a0d       0x34 C:/ST/STM32CubeIDE_1.16.0/STM32CubeIDE/plugins/com.st.stm32cube.ide.mcu.externaltools.gnu-tools-for-stm32.12.3.rel1.win32_1.0.200.202406191623/tools/bin/../lib/gcc/arm-none-eabi/12.3.1/thumb/v7e-m+fp/hard\libgcc.a(_udivmoddi4.o)
 .ARM.attributes
                0x00000a41       0x22 C:/ST/STM32CubeIDE_1.16.0/STM32CubeIDE/plugins/com.st.stm32cube.ide.mcu.externaltools.gnu-tools-for-stm32.12.3.rel1.win32_1.0.200.202406191623/tools/bin/../lib/gcc/arm-none-eabi/12.3.1/thumb/v7e-m+fp/hard\libgcc.a(_dvmd_tls.o)
 .ARM.attributes
                0x00000a63       0x22 C:/ST/STM32CubeIDE_1.16.0/STM32CubeIDE/plugins/com.st.stm32cube.ide.mcu.externaltools.gnu-tools-for-stm32.12.3.rel1.win32_1.0.200.202406191623/tools/bin/../lib/gcc/arm-none-eabi/12.3.1/thumb/v7e-m+fp/hard/crtn.o
OUTPUT(SKadkhodayanFinal.elf elf32-littlearm)
LOAD linker stubs
LOAD C:/ST/STM32CubeIDE_1.16.0/STM32CubeIDE/plugins/com.st.stm32cube.ide.mcu.externaltools.gnu-tools-for-stm32.12.3.rel1.win32_1.0.200.202406191623/tools/bin/../lib/gcc/arm-none-eabi/12.3.1/../../../../arm-none-eabi/lib/thumb/v7e-m+fp/hard\libc.a
LOAD C:/ST/STM32CubeIDE_1.16.0/STM32CubeIDE/plugins/com.st.stm32cube.ide.mcu.externaltools.gnu-tools-for-stm32.12.3.rel1.win32_1.0.200.202406191623/tools/bin/../lib/gcc/arm-none-eabi/12.3.1/../../../../arm-none-eabi/lib/thumb/v7e-m+fp/hard\libm.a
LOAD C:/ST/STM32CubeIDE_1.16.0/STM32CubeIDE/plugins/com.st.stm32cube.ide.mcu.externaltools.gnu-tools-for-stm32.12.3.rel1.win32_1.0.200.202406191623/tools/bin/../lib/gcc/arm-none-eabi/12.3.1/thumb/v7e-m+fp/hard\libgcc.a

.debug_info     0x00000000    0x162a6
 .debug_info    0x00000000      0x95c ./Core/Src/ApplicationCode.o
 .debug_info    0x0000095c     0x10ca ./Core/Src/LCD_Driver.o
 .debug_info    0x00001a26      0x36c ./Core/Src/diagnosticsScreen.o
 .debug_info    0x00001d92      0x145 ./Core/Src/fonts.o
 .debug_info    0x00001ed7      0xc85 ./Core/Src/ili9341.o
 .debug_info    0x00002b5c      0x654 ./Core/Src/joystickDriver.o
 .debug_info    0x000031b0     0x1f4b ./Core/Src/main.o
 .debug_info    0x000050fb      0x379 ./Core/Src/motorDriver.o
 .debug_info    0x00005474     0x1b51 ./Core/Src/stm32f4xx_hal_msp.o
 .debug_info    0x00006fc5      0x112 ./Core/Src/stm32f4xx_it.o
 .debug_info    0x000070d7     0x124f ./Core/Src/stmpe811.o
 .debug_info    0x00008326      0x6a3 ./Core/Src/syscalls.o
 .debug_info    0x000089c9      0x168 ./Core/Src/sysmem.o
 .debug_info    0x00008b31      0x52e ./Core/Src/system_stm32f4xx.o
 .debug_info    0x0000905f       0x30 ./Core/Startup/startup_stm32f429zitx.o
 .debug_info    0x0000908f      0x9ba ./Drivers/STM32F4xx_HAL_Driver/Src/stm32f4xx_hal.o
 .debug_info    0x00009a49      0xcd4 ./Drivers/STM32F4xx_HAL_Driver/Src/stm32f4xx_hal_adc.o
 .debug_info    0x0000a71d      0xdc2 ./Drivers/STM32F4xx_HAL_Driver/Src/stm32f4xx_hal_cortex.o
 .debug_info    0x0000b4df      0x4f4 ./Drivers/STM32F4xx_HAL_Driver/Src/stm32f4xx_hal_exti.o
 .debug_info    0x0000b9d3      0x6db ./Drivers/STM32F4xx_HAL_Driver/Src/stm32f4xx_hal_gpio.o
 .debug_info    0x0000c0ae     0x2421 ./Drivers/STM32F4xx_HAL_Driver/Src/stm32f4xx_hal_i2c.o
 .debug_info    0x0000e4cf      0x672 ./Drivers/STM32F4xx_HAL_Driver/Src/stm32f4xx_hal_i2c_ex.o
 .debug_info    0x0000eb41     0x1022 ./Drivers/STM32F4xx_HAL_Driver/Src/stm32f4xx_hal_ltdc.o
 .debug_info    0x0000fb63      0x8c7 ./Drivers/STM32F4xx_HAL_Driver/Src/stm32f4xx_hal_rcc.o
 .debug_info    0x0001042a      0x64c ./Drivers/STM32F4xx_HAL_Driver/Src/stm32f4xx_hal_rcc_ex.o
 .debug_info    0x00010a76      0x493 ./Drivers/STM32F4xx_HAL_Driver/Src/stm32f4xx_hal_rng.o
 .debug_info    0x00010f09     0x1525 ./Drivers/STM32F4xx_HAL_Driver/Src/stm32f4xx_hal_spi.o
 .debug_info    0x0001242e     0x299d ./Drivers/STM32F4xx_HAL_Driver/Src/stm32f4xx_hal_tim.o
 .debug_info    0x00014dcb     0x14db ./Drivers/STM32F4xx_HAL_Driver/Src/stm32f4xx_hal_tim_ex.o

.debug_abbrev   0x00000000     0x37d6
 .debug_abbrev  0x00000000      0x204 ./Core/Src/ApplicationCode.o
 .debug_abbrev  0x00000204      0x328 ./Core/Src/LCD_Driver.o
 .debug_abbrev  0x0000052c      0x135 ./Core/Src/diagnosticsScreen.o
 .debug_abbrev  0x00000661       0xc6 ./Core/Src/fonts.o
 .debug_abbrev  0x00000727      0x2c9 ./Core/Src/ili9341.o
 .debug_abbrev  0x000009f0      0x151 ./Core/Src/joystickDriver.o
 .debug_abbrev  0x00000b41      0x2cc ./Core/Src/main.o
 .debug_abbrev  0x00000e0d      0x153 ./Core/Src/motorDriver.o
 .debug_abbrev  0x00000f60      0x25c ./Core/Src/stm32f4xx_hal_msp.o
 .debug_abbrev  0x000011bc       0x73 ./Core/Src/stm32f4xx_it.o
 .debug_abbrev  0x0000122f      0x303 ./Core/Src/stmpe811.o
 .debug_abbrev  0x00001532      0x1b6 ./Core/Src/syscalls.o
 .debug_abbrev  0x000016e8       0xbc ./Core/Src/sysmem.o
 .debug_abbrev  0x000017a4      0x11a ./Core/Src/system_stm32f4xx.o
 .debug_abbrev  0x000018be       0x24 ./Core/Startup/startup_stm32f429zitx.o
 .debug_abbrev  0x000018e2      0x214 ./Drivers/STM32F4xx_HAL_Driver/Src/stm32f4xx_hal.o
 .debug_abbrev  0x00001af6      0x252 ./Drivers/STM32F4xx_HAL_Driver/Src/stm32f4xx_hal_adc.o
 .debug_abbrev  0x00001d48      0x31d ./Drivers/STM32F4xx_HAL_Driver/Src/stm32f4xx_hal_cortex.o
 .debug_abbrev  0x00002065      0x1c6 ./Drivers/STM32F4xx_HAL_Driver/Src/stm32f4xx_hal_exti.o
 .debug_abbrev  0x0000222b      0x1d4 ./Drivers/STM32F4xx_HAL_Driver/Src/stm32f4xx_hal_gpio.o
 .debug_abbrev  0x000023ff      0x2ad ./Drivers/STM32F4xx_HAL_Driver/Src/stm32f4xx_hal_i2c.o
 .debug_abbrev  0x000026ac      0x157 ./Drivers/STM32F4xx_HAL_Driver/Src/stm32f4xx_hal_i2c_ex.o
 .debug_abbrev  0x00002803      0x233 ./Drivers/STM32F4xx_HAL_Driver/Src/stm32f4xx_hal_ltdc.o
 .debug_abbrev  0x00002a36      0x2b7 ./Drivers/STM32F4xx_HAL_Driver/Src/stm32f4xx_hal_rcc.o
 .debug_abbrev  0x00002ced      0x1b0 ./Drivers/STM32F4xx_HAL_Driver/Src/stm32f4xx_hal_rcc_ex.o
 .debug_abbrev  0x00002e9d      0x1c4 ./Drivers/STM32F4xx_HAL_Driver/Src/stm32f4xx_hal_rng.o
 .debug_abbrev  0x00003061      0x27a ./Drivers/STM32F4xx_HAL_Driver/Src/stm32f4xx_hal_spi.o
 .debug_abbrev  0x000032db      0x278 ./Drivers/STM32F4xx_HAL_Driver/Src/stm32f4xx_hal_tim.o
 .debug_abbrev  0x00003553      0x283 ./Drivers/STM32F4xx_HAL_Driver/Src/stm32f4xx_hal_tim_ex.o

.debug_aranges  0x00000000     0x15d8
 .debug_aranges
                0x00000000       0x50 ./Core/Src/ApplicationCode.o
 .debug_aranges
                0x00000050       0xc0 ./Core/Src/LCD_Driver.o
 .debug_aranges
                0x00000110       0x38 ./Core/Src/diagnosticsScreen.o
 .debug_aranges
                0x00000148       0x18 ./Core/Src/fonts.o
 .debug_aranges
                0x00000160       0x98 ./Core/Src/ili9341.o
 .debug_aranges
                0x000001f8       0x20 ./Core/Src/joystickDriver.o
 .debug_aranges
                0x00000218       0x78 ./Core/Src/main.o
 .debug_aranges
                0x00000290       0x48 ./Core/Src/motorDriver.o
 .debug_aranges
                0x000002d8       0x88 ./Core/Src/stm32f4xx_hal_msp.o
 .debug_aranges
                0x00000360       0x60 ./Core/Src/stm32f4xx_it.o
 .debug_aranges
                0x000003c0       0x98 ./Core/Src/stmpe811.o
 .debug_aranges
                0x00000458       0xa8 ./Core/Src/syscalls.o
 .debug_aranges
                0x00000500       0x20 ./Core/Src/sysmem.o
 .debug_aranges
                0x00000520       0x28 ./Core/Src/system_stm32f4xx.o
 .debug_aranges
                0x00000548       0x28 ./Core/Startup/startup_stm32f429zitx.o
 .debug_aranges
                0x00000570      0x100 ./Drivers/STM32F4xx_HAL_Driver/Src/stm32f4xx_hal.o
 .debug_aranges
                0x00000670       0xe8 ./Drivers/STM32F4xx_HAL_Driver/Src/stm32f4xx_hal_adc.o
 .debug_aranges
                0x00000758      0x130 ./Drivers/STM32F4xx_HAL_Driver/Src/stm32f4xx_hal_cortex.o
 .debug_aranges
                0x00000888       0x60 ./Drivers/STM32F4xx_HAL_Driver/Src/stm32f4xx_hal_exti.o
 .debug_aranges
                0x000008e8       0x58 ./Drivers/STM32F4xx_HAL_Driver/Src/stm32f4xx_hal_gpio.o
 .debug_aranges
                0x00000940      0x2a8 ./Drivers/STM32F4xx_HAL_Driver/Src/stm32f4xx_hal_i2c.o
 .debug_aranges
                0x00000be8       0x28 ./Drivers/STM32F4xx_HAL_Driver/Src/stm32f4xx_hal_i2c_ex.o
 .debug_aranges
                0x00000c10      0x158 ./Drivers/STM32F4xx_HAL_Driver/Src/stm32f4xx_hal_ltdc.o
 .debug_aranges
                0x00000d68       0x88 ./Drivers/STM32F4xx_HAL_Driver/Src/stm32f4xx_hal_rcc.o
 .debug_aranges
                0x00000df0       0x58 ./Drivers/STM32F4xx_HAL_Driver/Src/stm32f4xx_hal_rcc_ex.o
 .debug_aranges
                0x00000e48       0x88 ./Drivers/STM32F4xx_HAL_Driver/Src/stm32f4xx_hal_rng.o
 .debug_aranges
                0x00000ed0      0x1d0 ./Drivers/STM32F4xx_HAL_Driver/Src/stm32f4xx_hal_spi.o
 .debug_aranges
                0x000010a0      0x3d0 ./Drivers/STM32F4xx_HAL_Driver/Src/stm32f4xx_hal_tim.o
 .debug_aranges
                0x00001470      0x168 ./Drivers/STM32F4xx_HAL_Driver/Src/stm32f4xx_hal_tim_ex.o

.debug_rnglists
                0x00000000     0x10cf
 .debug_rnglists
                0x00000000       0x38 ./Core/Src/ApplicationCode.o
 .debug_rnglists
                0x00000038       0x92 ./Core/Src/LCD_Driver.o
 .debug_rnglists
                0x000000ca       0x27 ./Core/Src/diagnosticsScreen.o
 .debug_rnglists
                0x000000f1       0x6f ./Core/Src/ili9341.o
 .debug_rnglists
                0x00000160       0x14 ./Core/Src/joystickDriver.o
 .debug_rnglists
                0x00000174       0x5e ./Core/Src/main.o
 .debug_rnglists
                0x000001d2       0x33 ./Core/Src/motorDriver.o
 .debug_rnglists
                0x00000205       0x67 ./Core/Src/stm32f4xx_hal_msp.o
 .debug_rnglists
                0x0000026c       0x43 ./Core/Src/stm32f4xx_it.o
 .debug_rnglists
                0x000002af       0x73 ./Core/Src/stmpe811.o
 .debug_rnglists
                0x00000322       0x79 ./Core/Src/syscalls.o
 .debug_rnglists
                0x0000039b       0x13 ./Core/Src/sysmem.o
 .debug_rnglists
                0x000003ae       0x1a ./Core/Src/system_stm32f4xx.o
 .debug_rnglists
                0x000003c8       0x19 ./Core/Startup/startup_stm32f429zitx.o
 .debug_rnglists
                0x000003e1       0xbb ./Drivers/STM32F4xx_HAL_Driver/Src/stm32f4xx_hal.o
 .debug_rnglists
                0x0000049c       0xb5 ./Drivers/STM32F4xx_HAL_Driver/Src/stm32f4xx_hal_adc.o
 .debug_rnglists
                0x00000551       0xe0 ./Drivers/STM32F4xx_HAL_Driver/Src/stm32f4xx_hal_cortex.o
 .debug_rnglists
                0x00000631       0x46 ./Drivers/STM32F4xx_HAL_Driver/Src/stm32f4xx_hal_exti.o
 .debug_rnglists
                0x00000677       0x3f ./Drivers/STM32F4xx_HAL_Driver/Src/stm32f4xx_hal_gpio.o
 .debug_rnglists
                0x000006b6      0x23c ./Drivers/STM32F4xx_HAL_Driver/Src/stm32f4xx_hal_i2c.o
 .debug_rnglists
                0x000008f2       0x19 ./Drivers/STM32F4xx_HAL_Driver/Src/stm32f4xx_hal_i2c_ex.o
 .debug_rnglists
                0x0000090b      0x10a ./Drivers/STM32F4xx_HAL_Driver/Src/stm32f4xx_hal_ltdc.o
 .debug_rnglists
                0x00000a15       0x66 ./Drivers/STM32F4xx_HAL_Driver/Src/stm32f4xx_hal_rcc.o
 .debug_rnglists
                0x00000a7b       0x43 ./Drivers/STM32F4xx_HAL_Driver/Src/stm32f4xx_hal_rcc_ex.o
 .debug_rnglists
                0x00000abe       0x63 ./Drivers/STM32F4xx_HAL_Driver/Src/stm32f4xx_hal_rng.o
 .debug_rnglists
                0x00000b21      0x16f ./Drivers/STM32F4xx_HAL_Driver/Src/stm32f4xx_hal_spi.o
 .debug_rnglists
                0x00000c90      0x31a ./Drivers/STM32F4xx_HAL_Driver/Src/stm32f4xx_hal_tim.o
 .debug_rnglists
                0x00000faa      0x125 ./Drivers/STM32F4xx_HAL_Driver/Src/stm32f4xx_hal_tim_ex.o

.debug_macro    0x00000000    0x28e17
 .debug_macro   0x00000000      0x372 ./Core/Src/ApplicationCode.o
 .debug_macro   0x00000372      0xab4 ./Core/Src/ApplicationCode.o
 .debug_macro   0x00000e26      0x2b3 ./Core/Src/ApplicationCode.o
 .debug_macro   0x000010d9       0x2e ./Core/Src/ApplicationCode.o
 .debug_macro   0x00001107       0x28 ./Core/Src/ApplicationCode.o
 .debug_macro   0x0000112f       0x22 ./Core/Src/ApplicationCode.o
 .debug_macro   0x00001151       0x8e ./Core/Src/ApplicationCode.o
 .debug_macro   0x000011df       0x51 ./Core/Src/ApplicationCode.o
 .debug_macro   0x00001230      0x103 ./Core/Src/ApplicationCode.o
 .debug_macro   0x00001333       0x6a ./Core/Src/ApplicationCode.o
 .debug_macro   0x0000139d      0x1df ./Core/Src/ApplicationCode.o
 .debug_macro   0x0000157c       0x1c ./Core/Src/ApplicationCode.o
 .debug_macro   0x00001598       0x22 ./Core/Src/ApplicationCode.o
 .debug_macro   0x000015ba       0xfb ./Core/Src/ApplicationCode.o
 .debug_macro   0x000016b5     0x1011 ./Core/Src/ApplicationCode.o
 .debug_macro   0x000026c6      0x11f ./Core/Src/ApplicationCode.o
 .debug_macro   0x000027e5    0x17fd8 ./Core/Src/ApplicationCode.o
 .debug_macro   0x0001a7bd       0x6d ./Core/Src/ApplicationCode.o
 .debug_macro   0x0001a82a     0x3711 ./Core/Src/ApplicationCode.o
 .debug_macro   0x0001df3b      0x189 ./Core/Src/ApplicationCode.o
 .debug_macro   0x0001e0c4       0x5c ./Core/Src/ApplicationCode.o
 .debug_macro   0x0001e120      0xcba ./Core/Src/ApplicationCode.o
 .debug_macro   0x0001edda      0x9e9 ./Core/Src/ApplicationCode.o
 .debug_macro   0x0001f7c3      0x115 ./Core/Src/ApplicationCode.o
 .debug_macro   0x0001f8d8      0x156 ./Core/Src/ApplicationCode.o
 .debug_macro   0x0001fa2e       0xa5 ./Core/Src/ApplicationCode.o
 .debug_macro   0x0001fad3      0x182 ./Core/Src/ApplicationCode.o
 .debug_macro   0x0001fc55      0x287 ./Core/Src/ApplicationCode.o
 .debug_macro   0x0001fedc       0x5f ./Core/Src/ApplicationCode.o
 .debug_macro   0x0001ff3b      0x236 ./Core/Src/ApplicationCode.o
 .debug_macro   0x00020171      0xb54 ./Core/Src/ApplicationCode.o
 .debug_macro   0x00020cc5      0x38b ./Core/Src/ApplicationCode.o
 .debug_macro   0x00021050      0x184 ./Core/Src/ApplicationCode.o
 .debug_macro   0x000211d4       0xf9 ./Core/Src/ApplicationCode.o
 .debug_macro   0x000212cd      0x132 ./Core/Src/ApplicationCode.o
 .debug_macro   0x000213ff      0x41d ./Core/Src/ApplicationCode.o
 .debug_macro   0x0002181c       0x2e ./Core/Src/ApplicationCode.o
 .debug_macro   0x0002184a      0x1b5 ./Core/Src/ApplicationCode.o
 .debug_macro   0x000219ff       0x22 ./Core/Src/ApplicationCode.o
 .debug_macro   0x00021a21       0xd6 ./Core/Src/ApplicationCode.o
 .debug_macro   0x00021af7      0x198 ./Core/Src/ApplicationCode.o
 .debug_macro   0x00021c8f       0xd6 ./Core/Src/ApplicationCode.o
 .debug_macro   0x00021d65      0x127 ./Core/Src/ApplicationCode.o
 .debug_macro   0x00021e8c       0xe2 ./Core/Src/ApplicationCode.o
 .debug_macro   0x00021f6e       0x89 ./Core/Src/ApplicationCode.o
 .debug_macro   0x00021ff7       0xa4 ./Core/Src/ApplicationCode.o
 .debug_macro   0x0002209b      0x225 ./Core/Src/ApplicationCode.o
 .debug_macro   0x000222c0      0x8ed ./Core/Src/ApplicationCode.o
 .debug_macro   0x00022bad       0x4d ./Core/Src/ApplicationCode.o
 .debug_macro   0x00022bfa      0x134 ./Core/Src/ApplicationCode.o
 .debug_macro   0x00022d2e      0x332 ./Core/Src/ApplicationCode.o
 .debug_macro   0x00023060       0x22 ./Core/Src/ApplicationCode.o
 .debug_macro   0x00023082      0x179 ./Core/Src/ApplicationCode.o
 .debug_macro   0x000231fb       0x88 ./Core/Src/ApplicationCode.o
 .debug_macro   0x00023283       0x28 ./Core/Src/ApplicationCode.o
 .debug_macro   0x000232ab       0x61 ./Core/Src/ApplicationCode.o
 .debug_macro   0x0002330c       0x2a ./Core/Src/ApplicationCode.o
 .debug_macro   0x00023336       0x43 ./Core/Src/ApplicationCode.o
 .debug_macro   0x00023379       0x34 ./Core/Src/ApplicationCode.o
 .debug_macro   0x000233ad       0x16 ./Core/Src/ApplicationCode.o
 .debug_macro   0x000233c3       0x35 ./Core/Src/ApplicationCode.o
 .debug_macro   0x000233f8      0x369 ./Core/Src/ApplicationCode.o
 .debug_macro   0x00023761       0x10 ./Core/Src/ApplicationCode.o
 .debug_macro   0x00023771       0x16 ./Core/Src/ApplicationCode.o
 .debug_macro   0x00023787       0x43 ./Core/Src/ApplicationCode.o
 .debug_macro   0x000237ca       0x34 ./Core/Src/ApplicationCode.o
 .debug_macro   0x000237fe       0x10 ./Core/Src/ApplicationCode.o
 .debug_macro   0x0002380e       0x58 ./Core/Src/ApplicationCode.o
 .debug_macro   0x00023866       0x8e ./Core/Src/ApplicationCode.o
 .debug_macro   0x000238f4       0x1c ./Core/Src/ApplicationCode.o
 .debug_macro   0x00023910      0x177 ./Core/Src/ApplicationCode.o
 .debug_macro   0x00023a87       0x16 ./Core/Src/ApplicationCode.o
 .debug_macro   0x00023a9d       0x16 ./Core/Src/ApplicationCode.o
 .debug_macro   0x00023ab3      0x146 ./Core/Src/ApplicationCode.o
 .debug_macro   0x00023bf9      0x26d ./Core/Src/LCD_Driver.o
 .debug_macro   0x00023e66      0x362 ./Core/Src/diagnosticsScreen.o
 .debug_macro   0x000241c8       0x6d ./Core/Src/fonts.o
 .debug_macro   0x00024235      0x242 ./Core/Src/ili9341.o
 .debug_macro   0x00024477      0x32c ./Core/Src/ili9341.o
 .debug_macro   0x000247a3      0x23d ./Core/Src/joystickDriver.o
 .debug_macro   0x000249e0      0x37b ./Core/Src/main.o
 .debug_macro   0x00024d5b      0x4bc ./Core/Src/main.o
 .debug_macro   0x00025217      0x30e ./Core/Src/motorDriver.o
 .debug_macro   0x00025525       0x22 ./Core/Src/motorDriver.o
 .debug_macro   0x00025547       0x16 ./Core/Src/motorDriver.o
 .debug_macro   0x0002555d       0x16 ./Core/Src/motorDriver.o
 .debug_macro   0x00025573       0x29 ./Core/Src/motorDriver.o
 .debug_macro   0x0002559c      0x242 ./Core/Src/stm32f4xx_hal_msp.o
 .debug_macro   0x000257de      0x24c ./Core/Src/stm32f4xx_it.o
 .debug_macro   0x00025a2a      0x25d ./Core/Src/stmpe811.o
 .debug_macro   0x00025c87      0x274 ./Core/Src/syscalls.o
 .debug_macro   0x00025efb       0x5b ./Core/Src/syscalls.o
 .debug_macro   0x00025f56       0x94 ./Core/Src/syscalls.o
 .debug_macro   0x00025fea       0x57 ./Core/Src/syscalls.o
 .debug_macro   0x00026041       0x10 ./Core/Src/syscalls.o
 .debug_macro   0x00026051       0x10 ./Core/Src/syscalls.o
 .debug_macro   0x00026061       0x10 ./Core/Src/syscalls.o
 .debug_macro   0x00026071       0x10 ./Core/Src/syscalls.o
 .debug_macro   0x00026081       0x1c ./Core/Src/syscalls.o
 .debug_macro   0x0002609d       0x52 ./Core/Src/syscalls.o
 .debug_macro   0x000260ef       0x22 ./Core/Src/syscalls.o
 .debug_macro   0x00026111       0x10 ./Core/Src/syscalls.o
 .debug_macro   0x00026121       0x52 ./Core/Src/syscalls.o
 .debug_macro   0x00026173       0xcf ./Core/Src/syscalls.o
 .debug_macro   0x00026242       0x1c ./Core/Src/syscalls.o
 .debug_macro   0x0002625e       0x3d ./Core/Src/syscalls.o
 .debug_macro   0x0002629b       0x35 ./Core/Src/syscalls.o
 .debug_macro   0x000262d0      0x12c ./Core/Src/syscalls.o
 .debug_macro   0x000263fc       0x10 ./Core/Src/syscalls.o
 .debug_macro   0x0002640c      0x242 ./Core/Src/syscalls.o
 .debug_macro   0x0002664e       0x1c ./Core/Src/syscalls.o
 .debug_macro   0x0002666a       0x10 ./Core/Src/syscalls.o
 .debug_macro   0x0002667a      0x18a ./Core/Src/syscalls.o
 .debug_macro   0x00026804       0x16 ./Core/Src/syscalls.o
 .debug_macro   0x0002681a       0xce ./Core/Src/syscalls.o
 .debug_macro   0x000268e8       0xff ./Core/Src/sysmem.o
 .debug_macro   0x000269e7      0x23c ./Core/Src/sysmem.o
 .debug_macro   0x00026c23      0x233 ./Core/Src/system_stm32f4xx.o
 .debug_macro   0x00026e56      0x293 ./Drivers/STM32F4xx_HAL_Driver/Src/stm32f4xx_hal.o
 .debug_macro   0x000270e9      0x234 ./Drivers/STM32F4xx_HAL_Driver/Src/stm32f4xx_hal_adc.o
 .debug_macro   0x0002731d      0x233 ./Drivers/STM32F4xx_HAL_Driver/Src/stm32f4xx_hal_cortex.o
 .debug_macro   0x00027550      0x233 ./Drivers/STM32F4xx_HAL_Driver/Src/stm32f4xx_hal_exti.o
 .debug_macro   0x00027783      0x239 ./Drivers/STM32F4xx_HAL_Driver/Src/stm32f4xx_hal_gpio.o
 .debug_macro   0x000279bc      0x281 ./Drivers/STM32F4xx_HAL_Driver/Src/stm32f4xx_hal_i2c.o
 .debug_macro   0x00027c3d      0x233 ./Drivers/STM32F4xx_HAL_Driver/Src/stm32f4xx_hal_i2c_ex.o
 .debug_macro   0x00027e70      0x23b ./Drivers/STM32F4xx_HAL_Driver/Src/stm32f4xx_hal_ltdc.o
 .debug_macro   0x000280ab      0x257 ./Drivers/STM32F4xx_HAL_Driver/Src/stm32f4xx_hal_rcc.o
 .debug_macro   0x00028302      0x233 ./Drivers/STM32F4xx_HAL_Driver/Src/stm32f4xx_hal_rcc_ex.o
 .debug_macro   0x00028535      0x239 ./Drivers/STM32F4xx_HAL_Driver/Src/stm32f4xx_hal_rng.o
 .debug_macro   0x0002876e      0x242 ./Drivers/STM32F4xx_HAL_Driver/Src/stm32f4xx_hal_spi.o
 .debug_macro   0x000289b0      0x234 ./Drivers/STM32F4xx_HAL_Driver/Src/stm32f4xx_hal_tim.o
 .debug_macro   0x00028be4      0x233 ./Drivers/STM32F4xx_HAL_Driver/Src/stm32f4xx_hal_tim_ex.o

.debug_line     0x00000000    0x1c35c
 .debug_line    0x00000000      0xb0a ./Core/Src/ApplicationCode.o
 .debug_line    0x00000b0a      0xccc ./Core/Src/LCD_Driver.o
 .debug_line    0x000017d6      0xaa2 ./Core/Src/diagnosticsScreen.o
 .debug_line    0x00002278      0x412 ./Core/Src/fonts.o
 .debug_line    0x0000268a      0xa51 ./Core/Src/ili9341.o
 .debug_line    0x000030db      0x82a ./Core/Src/joystickDriver.o
 .debug_line    0x00003905      0xe81 ./Core/Src/main.o
 .debug_line    0x00004786      0xae9 ./Core/Src/motorDriver.o
 .debug_line    0x0000526f      0xac3 ./Core/Src/stm32f4xx_hal_msp.o
 .debug_line    0x00005d32      0x8d2 ./Core/Src/stm32f4xx_it.o
 .debug_line    0x00006604      0xc92 ./Core/Src/stmpe811.o
 .debug_line    0x00007296      0x8b2 ./Core/Src/syscalls.o
 .debug_line    0x00007b48      0x583 ./Core/Src/sysmem.o
 .debug_line    0x000080cb      0x894 ./Core/Src/system_stm32f4xx.o
 .debug_line    0x0000895f       0x7a ./Core/Startup/startup_stm32f429zitx.o
 .debug_line    0x000089d9      0xb33 ./Drivers/STM32F4xx_HAL_Driver/Src/stm32f4xx_hal.o
 .debug_line    0x0000950c     0x1391 ./Drivers/STM32F4xx_HAL_Driver/Src/stm32f4xx_hal_adc.o
 .debug_line    0x0000a89d      0xdef ./Drivers/STM32F4xx_HAL_Driver/Src/stm32f4xx_hal_cortex.o
 .debug_line    0x0000b68c      0xb09 ./Drivers/STM32F4xx_HAL_Driver/Src/stm32f4xx_hal_exti.o
 .debug_line    0x0000c195      0xcb1 ./Drivers/STM32F4xx_HAL_Driver/Src/stm32f4xx_hal_gpio.o
 .debug_line    0x0000ce46     0x3c43 ./Drivers/STM32F4xx_HAL_Driver/Src/stm32f4xx_hal_i2c.o
 .debug_line    0x00010a89      0x88a ./Drivers/STM32F4xx_HAL_Driver/Src/stm32f4xx_hal_i2c_ex.o
 .debug_line    0x00011313     0x18b4 ./Drivers/STM32F4xx_HAL_Driver/Src/stm32f4xx_hal_ltdc.o
 .debug_line    0x00012bc7      0xe88 ./Drivers/STM32F4xx_HAL_Driver/Src/stm32f4xx_hal_rcc.o
 .debug_line    0x00013a4f      0xcd2 ./Drivers/STM32F4xx_HAL_Driver/Src/stm32f4xx_hal_rcc_ex.o
 .debug_line    0x00014721      0xa8c ./Drivers/STM32F4xx_HAL_Driver/Src/stm32f4xx_hal_rng.o
 .debug_line    0x000151ad     0x1e1b ./Drivers/STM32F4xx_HAL_Driver/Src/stm32f4xx_hal_spi.o
 .debug_line    0x00016fc8     0x38a1 ./Drivers/STM32F4xx_HAL_Driver/Src/stm32f4xx_hal_tim.o
 .debug_line    0x0001a869     0x1af3 ./Drivers/STM32F4xx_HAL_Driver/Src/stm32f4xx_hal_tim_ex.o

.debug_str      0x00000000    0xef738
 .debug_str     0x00000000    0xe6ff7 ./Core/Src/ApplicationCode.o
                              0xe730f (size before relaxing)
 .debug_str     0x000e6ff7      0x604 ./Core/Src/LCD_Driver.o
                              0xe3ab8 (size before relaxing)
 .debug_str     0x000e75fb       0xf5 ./Core/Src/diagnosticsScreen.o
                              0xe69dc (size before relaxing)
 .debug_str     0x000e76f0       0x40 ./Core/Src/fonts.o
                               0x3d9b (size before relaxing)
 .debug_str     0x000e7730      0x537 ./Core/Src/ili9341.o
                              0xe2fdf (size before relaxing)
 .debug_str     0x000e7c67      0x1d6 ./Core/Src/joystickDriver.o
                              0xe2097 (size before relaxing)
 .debug_str     0x000e7e3d     0x18b4 ./Core/Src/main.o
                              0xe8d1d (size before relaxing)
 .debug_str     0x000e96f1      0x168 ./Core/Src/motorDriver.o
                              0xe4f58 (size before relaxing)
 .debug_str     0x000e9859      0x14a ./Core/Src/stm32f4xx_hal_msp.o
                              0xe3d48 (size before relaxing)
 .debug_str     0x000e99a3       0xc9 ./Core/Src/stm32f4xx_it.o
                              0xe2b9e (size before relaxing)
 .debug_str     0x000e9a6c      0x1c2 ./Core/Src/stmpe811.o
                              0xe3266 (size before relaxing)
 .debug_str     0x000e9c2e     0x1fc0 ./Core/Src/syscalls.o
                               0x98d2 (size before relaxing)
 .debug_str     0x000ebbee       0x6b ./Core/Src/sysmem.o
                               0x60ea (size before relaxing)